Component: ARM Compiler 5.06 update 3 (build 300) Tool: armlink [4d35c9]

==============================================================================

Section Cross References

    main.o(.text) refers to _printf_percent.o(.ARM.Collect$$_printf_percent$$00000000) for _printf_percent
    main.o(.text) refers to _printf_f.o(.ARM.Collect$$_printf_percent$$00000003) for _printf_f
    main.o(.text) refers to printf1.o(x$fpl$printf1) for _printf_fp_dec
    main.o(.text) refers to stm32f10x_rcc.o(.text) for RCC_APB2PeriphClockCmd
    main.o(.text) refers to stm32f10x_gpio.o(.text) for GPIO_Init
    main.o(.text) refers to dflt_clz.o(x$fpl$dflt) for __aeabi_i2d
    main.o(.text) refers to dmul.o(x$fpl$dmul) for __aeabi_dmul
    main.o(.text) refers to ddiv.o(x$fpl$ddiv) for __aeabi_ddiv
    main.o(.text) refers to d2f.o(x$fpl$d2f) for __aeabi_d2f
    main.o(.text) refers to fflt_clz.o(x$fpl$fflt) for __aeabi_i2f
    main.o(.text) refers to fflt_clz.o(x$fpl$ffltu) for __aeabi_ui2f
    main.o(.text) refers to fmul.o(x$fpl$fmul) for __aeabi_fmul
    main.o(.text) refers to fdiv.o(x$fpl$fdiv) for __aeabi_fdiv
    main.o(.text) refers to dflt_clz.o(x$fpl$dfltu) for __aeabi_ui2d
    main.o(.text) refers to faddsub_clz.o(x$fpl$fadd) for __aeabi_fadd
    main.o(.text) refers to f2d.o(x$fpl$f2d) for __aeabi_f2d
    main.o(.text) refers to sqrt.o(i.sqrt) for sqrt
    main.o(.text) refers to ffixu.o(x$fpl$ffixu) for __aeabi_f2uiz
    main.o(.text) refers to dleqf.o(x$fpl$dleqf) for __aeabi_cdcmple
    main.o(.text) refers to cr4_fft_1024_stm32.o(.text) for cr4_fft_1024_stm32
    main.o(.text) refers to noretval__2sprintf.o(.text) for __2sprintf
    main.o(.text) refers to lcd.o(.text) for LCD_ShowString
    main.o(.text) refers to main.o(.bss) for ADC_input
    main.o(.text) refers to main.o(.data) for vpp
    main.o(.text) refers to daddsub_clz.o(x$fpl$dadd) for __aeabi_dadd
    main.o(.text) refers to daddsub_clz.o(x$fpl$dsub) for __aeabi_dsub
    main.o(.text) refers to dfixu.o(x$fpl$dfixu) for __aeabi_d2uiz
    main.o(.text) refers to deqf.o(x$fpl$deqf) for __aeabi_cdcmpeq
    main.o(.text) refers to lcd.o(.data) for POINT_COLOR
    main.o(.text) refers to daddsub_clz.o(x$fpl$drsb) for __aeabi_drsub
    main.o(.text) refers to main.o(.constdata) for wu
    main.o(.text) refers to delay.o(.text) for delay_ms
    main.o(.text) refers to key.o(.data) for classify_flag
    main.o(.text) refers to key.o(.bss) for thd_1
    main.o(.text) refers to system_stm32f10x.o(.text) for SystemInit
    main.o(.text) refers to timer.o(.text) for TIME2_Init
    main.o(.text) refers to adc.o(.text) for ADC1_Init
    main.o(.text) refers to misc.o(.text) for NVIC_PriorityGroupConfig
    main.o(.text) refers to usar.o(.text) for USART_Configuration
    main.o(.text) refers to key.o(.text) for KEY_Init
    main.o(.text) refers to stm32f10x_dma.o(.text) for DMA_Cmd
    main.o(.text) refers to stm32f10x_tim.o(.text) for TIM_Cmd
    main.o(.text) refers to adc.o(.bss) for ADC_ConvertedValue
    system_stm32f10x.o(.text) refers to system_stm32f10x.o(.data) for SystemCoreClock
    led.o(.text) refers to stm32f10x_rcc.o(.text) for RCC_APB2PeriphClockCmd
    led.o(.text) refers to stm32f10x_gpio.o(.text) for GPIO_Init
    key.o(.text) refers to stm32f10x_rcc.o(.text) for RCC_APB2PeriphClockCmd
    key.o(.text) refers to stm32f10x_gpio.o(.text) for GPIO_Init
    key.o(.text) refers to delay.o(.text) for delay_ms
    key.o(.text) refers to stm32f10x_dma.o(.text) for DMA_Cmd
    key.o(.text) refers to stm32f10x_tim.o(.text) for TIM_Cmd
    key.o(.text) refers to key.o(.data) for key1_sum
    key.o(.text) refers to key.o(.bss) for thd_1
    lcd.o(.text) refers to _printf_percent.o(.ARM.Collect$$_printf_percent$$00000000) for _printf_percent
    lcd.o(.text) refers to _printf_x.o(.ARM.Collect$$_printf_percent$$0000000C) for _printf_x
    lcd.o(.text) refers to _printf_hex_int.o(.text) for _printf_longlong_hex
    lcd.o(.text) refers to delay.o(.text) for delay_us
    lcd.o(.text) refers to lcd.o(.bss) for lcddev
    lcd.o(.text) refers to lcd.o(.data) for POINT_COLOR
    lcd.o(.text) refers to dflt_clz.o(x$fpl$dfltu) for __aeabi_ui2d
    lcd.o(.text) refers to dmul.o(x$fpl$dmul) for __aeabi_dmul
    lcd.o(.text) refers to dfixu.o(x$fpl$dfixu) for __aeabi_d2uiz
    lcd.o(.text) refers to stm32f10x_rcc.o(.text) for RCC_AHBPeriphClockCmd
    lcd.o(.text) refers to stm32f10x_gpio.o(.text) for GPIO_Init
    lcd.o(.text) refers to stm32f10x_fsmc.o(.text) for FSMC_NORSRAMInit
    lcd.o(.text) refers to noretval__2printf.o(.text) for __2printf
    lcd.o(.text) refers to lcd.o(.constdata) for asc2_1206
    adc.o(.text) refers to stm32f10x_rcc.o(.text) for RCC_AHBPeriphClockCmd
    adc.o(.text) refers to stm32f10x_gpio.o(.text) for GPIO_Init
    adc.o(.text) refers to misc.o(.text) for NVIC_PriorityGroupConfig
    adc.o(.text) refers to stm32f10x_dma.o(.text) for DMA_DeInit
[...]
    x$fpl$deqf                               0x0800c368   Section      120  deqf.o(x$fpl$deqf)
    x$fpl$dfixu                              0x0800c3e0   Section       90  dfixu.o(x$fpl$dfixu)
    x$fpl$dflt                               0x0800c43a   Section       46  dflt_clz.o(x$fpl$dflt)
    x$fpl$dfltu                              0x0800c468   Section       38  dflt_clz.o(x$fpl$dfltu)
    x$fpl$dleqf                              0x0800c490   Section      120  dleqf.o(x$fpl$dleqf)
    x$fpl$dmul                               0x0800c508   Section      340  dmul.o(x$fpl$dmul)
    x$fpl$dnaninf                            0x0800c65c   Section      156  dnaninf.o(x$fpl$dnaninf)
    x$fpl$dretinf                            0x0800c6f8   Section       12  dretinf.o(x$fpl$dretinf)
    x$fpl$drsb                               0x0800c704   Section       22  daddsub_clz.o(x$fpl$drsb)
    x$fpl$dsqrt                              0x0800c71c   Section      460  dsqrt_noumaal.o(x$fpl$dsqrt)
    x$fpl$dsub                               0x0800c8e8   Section      468  daddsub_clz.o(x$fpl$dsub)
    _dsub1                                   0x0800c8f9   Thumb Code     0  daddsub_clz.o(x$fpl$dsub)
    x$fpl$f2d                                0x0800cabc   Section       86  f2d.o(x$fpl$f2d)
    x$fpl$fadd                               0x0800cb14   Section      196  faddsub_clz.o(x$fpl$fadd)
    _fadd1                                   0x0800cb23   Thumb Code     0  faddsub_clz.o(x$fpl$fadd)
    x$fpl$fdiv                               0x0800cbd8   Section      388  fdiv.o(x$fpl$fdiv)
    _fdiv1                                   0x0800cbd9   Thumb Code     0  fdiv.o(x$fpl$fdiv)
    x$fpl$ffixu                              0x0800cd5c   Section       62  ffixu.o(x$fpl$ffixu)
    x$fpl$fflt                               0x0800cd9c   Section       48  fflt_clz.o(x$fpl$fflt)
    x$fpl$ffltu                              0x0800cdcc   Section       38  fflt_clz.o(x$fpl$ffltu)
    x$fpl$fmul                               0x0800cdf4   Section      258  fmul.o(x$fpl$fmul)
    x$fpl$fnaninf                            0x0800cef6   Section      140  fnaninf.o(x$fpl$fnaninf)
    x$fpl$fretinf                            0x0800cf82   Section       10  fretinf.o(x$fpl$fretinf)
    x$fpl$fsub                               0x0800cf8c   Section      234  faddsub_clz.o(x$fpl$fsub)
    _fsub1                                   0x0800cf9b   Thumb Code     0  faddsub_clz.o(x$fpl$fsub)
    x$fpl$printf1                            0x0800d076   Section        4  printf1.o(x$fpl$printf1)
    .constdata                               0x0800d07a   Section    14816  main.o(.constdata)
    x$fpl$usenofp                            0x0800d07a   Section        0  usenofp.o(x$fpl$usenofp)
    .constdata                               0x08010a5a   Section     6080  lcd.o(.constdata)
    .constdata                               0x0801221a   Section       40  _printf_hex_int.o(.constdata)
    uc_hextab                                0x0801221a   Data          20  _printf_hex_int.o(.constdata)
    lc_hextab                                0x0801222e   Data          20  _printf_hex_int.o(.constdata)
    .constdata                               0x08012244   Section      148  bigflt0.o(.constdata)
    tenpwrs_x                                0x08012244   Data          60  bigflt0.o(.constdata)
    tenpwrs_i                                0x08012280   Data          64  bigflt0.o(.constdata)
    locale$$data                             0x080122f8   Section       28  lc_numeric_c.o(locale$$data)
    __lcnum_c_name                           0x080122fc   Data           2  lc_numeric_c.o(locale$$data)
    __lcnum_c_start                          0x08012304   Data           0  lc_numeric_c.o(locale$$data)
    __lcnum_c_point                          0x08012310   Data           0  lc_numeric_c.o(locale$$data)
    __lcnum_c_thousands                      0x08012312   Data           0  lc_numeric_c.o(locale$$data)
    __lcnum_c_grouping                       0x08012313   Data           0  lc_numeric_c.o(locale$$data)
    __lcnum_c_end                            0x08012314   Data           0  lc_numeric_c.o(locale$$data)
    .data                                    0x20000000   Section     4152  main.o(.data)
    .data                                    0x20001038   Section       20  system_stm32f10x.o(.data)
    .data                                    0x2000104c   Section       22  key.o(.data)
    key1_sum                                 0x20001052   Data           2  key.o(.data)
    key2_sum                                 0x20001054   Data           2  key.o(.data)
    key3_sum                                 0x20001056   Data           2  key.o(.data)
    key4_sum                                 0x20001058   Data           2  key.o(.data)
    key5_sum                                 0x2000105a   Data           2  key.o(.data)
    key6_sum                                 0x2000105c   Data           2  key.o(.data)
    key7_sum                                 0x2000105e   Data           2  key.o(.data)
    key8_sum                                 0x20001060   Data           2  key.o(.data)
    .data                                    0x20001062   Section        4  lcd.o(.data)
    .data                                    0x20001068   Section        4  usar.o(.data)
    .data                                    0x2000106c   Section        4  delay.o(.data)
    fac_us                                   0x2000106c   Data           1  delay.o(.data)
    fac_ms                                   0x2000106e   Data           2  delay.o(.data)
    .data                                    0x20001070   Section       20  stm32f10x_rcc.o(.data)
    APBAHBPrescTable                         0x20001070   Data          16  stm32f10x_rcc.o(.data)
    ADCPrescTable                            0x20001080   Data           4  stm32f10x_rcc.o(.data)
    .bss                                     0x20001088   Section    18452  main.o(.bss)
    .bss                                     0x200058a0   Section      200  key.o(.bss)
    .bss                                     0x20005968   Section       14  lcd.o(.bss)
    .bss                                     0x20005976   Section     2048  adc.o(.bss)
    .bss                                     0x20006178   Section       96  libspace.o(.bss)
    HEAP                                     0x200061d8   Section      512  startup_stm32f10x_hd.o(HEAP)
    Heap_Mem                                 0x200061d8   Data         512  startup_stm32f10x_hd.o(HEAP)
    STACK                                    0x200063d8   Section     1024  startup_stm32f10x_hd.o(STACK)
    Stack_Mem                                0x200063d8   Data        1024  startup_stm32f10x_hd.o(STACK)
    __initial_sp                             0x200067d8   Data           0  startup_stm32f10x_hd.o(STACK)

    Global Symbols

    Symbol Name                              Value     Ov Type        Size  Object(Section)

    BuildAttributes$$THM_ISAv4$P$D$K$B$S$PE$A:L22UL41UL21$X:L11$S22US41US21$IEEE1$IW$USESV6$~STKCKD$USESV7$~SHL$OTIME$ROPI$IEEEX$EBA8$UX$STANDARDLIB$REQ8$PRES8$EABIv2 0x00000000   Number         0  anon$$obj.o ABSOLUTE
    __ARM_use_no_argv                        0x00000000   Number         0  main.o ABSOLUTE
    _printf_flags                            0x00000000   Number         0  printf_stubs.o ABSOLUTE
    _printf_return_value                     0x00000000   Number         0  printf_stubs.o ABSOLUTE
    _printf_sizespec                         0x00000000   Number         0  printf_stubs.o ABSOLUTE
    _printf_widthprec                        0x00000000   Number         0  printf_stubs.o ABSOLUTE
    __ARM_exceptions_init                     - Undefined Weak Reference
    __alloca_initialize                       - Undefined Weak Reference
    __arm_preinit_                            - Undefined Weak Reference
    __cpp_initialize__aeabi_                  - Undefined Weak Reference
    __cxa_finalize                            - Undefined Weak Reference
    __sigvec_lookup                           - Undefined Weak Reference
    _atexit_init                              - Undefined Weak Reference
    _call_atexit_fns                          - Undefined Weak Reference
    _clock_init                               - Undefined Weak Reference
    _fp_trap_init                             - Undefined Weak Reference
    _fp_trap_shutdown                         - Undefined Weak Reference
    _get_lc_collate                           - Undefined Weak Reference
    _get_lc_ctype                             - Undefined Weak Reference
    _get_lc_monetary                          - Undefined Weak Reference
    _get_lc_time                              - Undefined Weak Reference
    _getenv_init                              - Undefined Weak Reference
    _handle_redirection                       - Undefined Weak Reference
    _init_alloc                               - Undefined Weak Reference
    _init_user_alloc                          - Undefined Weak Reference
    _initio                                   - Undefined Weak Reference
    _mutex_acquire                            - Undefined Weak Reference
    _mutex_release                            - Undefined Weak Reference
    _printf_post_padding                      - Undefined Weak Reference
    _printf_pre_padding                       - Undefined Weak Reference
    _printf_truncate_unsigned                 - Undefined Weak Reference
    _rand_init                                - Undefined Weak Reference
    _signal_finish                            - Undefined Weak Reference
    _signal_init                              - Undefined Weak Reference
    _terminate_alloc                          - Undefined Weak Reference
    _terminate_user_alloc                     - Undefined Weak Reference
    _terminateio                              - Undefined Weak Reference
    __Vectors_Size                           0x00000130   Number         0  startup_stm32f10x_hd.o ABSOLUTE
    __Vectors                                0x08000000   Data           4  startup_stm32f10x_hd.o(RESET)
    __Vectors_End                            0x08000130   Data           0  startup_stm32f10x_hd.o(RESET)
    __main                                   0x08000131   Thumb Code     8  __main.o(!!!main)
    __scatterload                            0x08000139   Thumb Code     0  __scatter.o(!!!scatter)
    __scatterload_rt2                        0x08000139   Thumb Code    44  __scatter.o(!!!scatter)
    __scatterload_rt2_thumb_only             0x08000139   Thumb Code     0  __scatter.o(!!!scatter)
    __scatterload_null                       0x08000147   Thumb Code     0  __scatter.o(!!!scatter)
    __decompress                             0x0800016d   Thumb Code   100  __dclz77c.o(!!dclz77c)
    __decompress2                            0x0800016d   Thumb Code     0  __dclz77c.o(!!dclz77c)
    __scatterload_zeroinit                   0x080001d1   Thumb Code    28  __scatter_zi.o(!!handler_zi)
    _printf_f                                0x080001ed   Thumb Code     0  _printf_f.o(.ARM.Collect$$_printf_percent$$00000003)
    _printf_percent                          0x080001ed   Thumb Code     0  _printf_percent.o(.ARM.Collect$$_printf_percent$$00000000)
    _printf_x                                0x080001f3   Thumb Code     0  _printf_x.o(.ARM.Collect$$_printf_percent$$0000000C)
    _printf_percent_end                      0x080001f9   Thumb Code     0  _printf_percent_end.o(.ARM.Collect$$_printf_percent$$00000017)
    __rt_lib_init                            0x080001fd   Thumb Code     0  libinit.o(.ARM.Collect$$libinit$$00000000)
    __rt_lib_init_fp_1                       0x080001ff   Thumb Code     0  libinit2.o(.ARM.Collect$$libinit$$00000002)
    __rt_lib_init_heap_1                     0x080001ff   Thumb Code     0  libinit2.o(.ARM.Collect$$libinit$$0000000A)
    __rt_lib_init_lc_common                  0x080001ff   Thumb Code     0  libinit2.o(.ARM.Collect$$libinit$$0000000F)
    __rt_lib_init_preinit_1                  0x080001ff   Thumb Code     0  libinit2.o(.ARM.Collect$$libinit$$00000004)
    __rt_lib_init_rand_1                     0x080001ff   Thumb Code     0  libinit2.o(.ARM.Collect$$libinit$$0000000E)
    __rt_lib_init_user_alloc_1               0x080001ff   Thumb Code     0  libinit2.o(.ARM.Collect$$libinit$$0000000C)
    __rt_lib_init_lc_collate_1               0x08000205   Thumb Code     0  libinit2.o(.ARM.Collect$$libinit$$00000011)
    __rt_lib_init_lc_ctype_1                 0x08000205   Thumb Code     0  libinit2.o(.ARM.Collect$$libinit$$00000013)
    __rt_lib_init_lc_monetary_1              0x08000205   Thumb Code     0  libinit2.o(.ARM.Collect$$libinit$$00000015)
    __rt_lib_init_lc_numeric_2               0x08000205   Thumb Code     0  libinit2.o(.ARM.Collect$$libinit$$00000016)
    __rt_lib_init_alloca_1                   0x0800020f   Thumb Code     0  libinit2.o(.ARM.Collect$$libinit$$0000002E)
    __rt_lib_init_argv_1                     0x0800020f   Thumb Code     0  libinit2.o(.ARM.Collect$$libinit$$0000002C)
    __rt_lib_init_atexit_1                   0x0800020f   Thumb Code     0  libinit2.o(.ARM.Collect$$libinit$$0000001B)
    __rt_lib_init_clock_1                    0x0800020f   Thumb Code     0  libinit2.o(.ARM.Collect$$libinit$$00000021)
    __rt_lib_init_cpp_1                      0x0800020f   Thumb Code     0  libinit2.o(.ARM.Collect$$libinit$$00000032)
    __rt_lib_init_exceptions_1               0x0800020f   Thumb Code     0  libinit2.o(.ARM.Collect$$libinit$$00000030)
    __rt_lib_init_fp_trap_1                  0x0800020f   Thumb Code     0  libinit2.o(.ARM.Collect$$libinit$$0000001F)
    __rt_lib_init_getenv_1                   0x0800020f   Thumb Code     0  libinit2.o(.ARM.Collect$$libinit$$00000023)
    __rt_lib_init_lc_numeric_1               0x0800020f   Thumb Code     0  libinit2.o(.ARM.Collect$$libinit$$00000017)
    __rt_lib_init_lc_time_1                  0x0800020f   Thumb Code     0  libinit2.o(.ARM.Collect$$libinit$$00000019)
    __rt_lib_init_return                     0x0800020f   Thumb Code     0  libinit2.o(.ARM.Collect$$libinit$$00000033)
    __rt_lib_init_signal_1                   0x0800020f   Thumb Code     0  libinit2.o(.ARM.Collect$$libinit$$0000001D)
    __rt_lib_init_stdio_1                    0x0800020f   Thumb Code     0  libinit2.o(.ARM.Collect$$libinit$$00000025)
    __rt_lib_shutdown                        0x08000211   Thumb Code     0  libshutdown.o(.ARM.Collect$$libshutdown$$00000000)
    __rt_lib_shutdown_cpp_1                  0x08000213   Thumb Code     0  libshutdown2.o(.ARM.Collect$$libshutdown$$00000002)
    __rt_lib_shutdown_fp_trap_1              0x08000213   Thumb Code     0  libshutdown2.o(.ARM.Collect$$libshutdown$$00000007)
    __rt_lib_shutdown_heap_1                 0x08000213   Thumb Code     0  libshutdown2.o(.ARM.Collect$$libshutdown$$0000000F)
    __rt_lib_shutdown_return                 0x08000213   Thumb Code     0  libshutdown2.o(.ARM.Collect$$libshutdown$$00000010)
    __rt_lib_shutdown_signal_1               0x08000213   Thumb Code     0  libshutdown2.o(.ARM.Collect$$libshutdown$$0000000A)
    __rt_lib_shutdown_stdio_1                0x08000213   Thumb Code     0  libshutdown2.o(.ARM.Collect$$libshutdown$$00000004)
    __rt_lib_shutdown_user_alloc_1           0x08000213   Thumb Code     0  libshutdown2.o(.ARM.Collect$$libshutdown$$0000000C)
    __rt_entry                               0x08000215   Thumb Code     0  __rtentry.o(.ARM.Collect$$rtentry$$00000000)
    __rt_entry_presh_1                       0x08000215   Thumb Code     0  __rtentry2.o(.ARM.Collect$$rtentry$$00000002)
    __rt_entry_sh                            0x08000215   Thumb Code     0  __rtentry4.o(.ARM.Collect$$rtentry$$00000004)
    __rt_entry_li                            0x0800021b   Thumb Code     0  __rtentry2.o(.ARM.Collect$$rtentry$$0000000A)
    __rt_entry_postsh_1                      0x0800021b   Thumb Code     0  __rtentry2.o(.ARM.Collect$$rtentry$$00000009)
    __rt_entry_main                          0x0800021f   Thumb Code     0  __rtentry2.o(.ARM.Collect$$rtentry$$0000000D)
    __rt_entry_postli_1                      0x0800021f   Thumb Code     0  __rtentry2.o(.ARM.Collect$$rtentry$$0000000C)
    __rt_exit                                0x08000227   Thumb Code     0  rtexit.o(.ARM.Collect$$rtexit$$00000000)
    __rt_exit_ls                             0x08000229   Thumb Code     0  rtexit2.o(.ARM.Collect$$rtexit$$00000003)
    __rt_exit_prels_1                        0x08000229   Thumb Code     0  rtexit2.o(.ARM.Collect$$rtexit$$00000002)
    __rt_exit_exit                           0x0800022d   Thumb Code     0  rtexit2.o(.ARM.Collect$$rtexit$$00000004)
    gpio_init                                0x08000235   Thumb Code    40  main.o(.text)
    gpio                                     0x0800025d   Thumb Code    78  main.o(.text)
    get_vpp                                  0x080002ab   Thumb Code   120  main.o(.text)
    PowerMag                                 0x08000323   Thumb Code   268  main.o(.text)
    Compare_Max                              0x0800042f   Thumb Code    94  main.o(.text)
    DSP_FFT1024                              0x0800048d   Thumb Code    52  main.o(.text)
    GetTHD                                   0x080004c1   Thumb Code   664  main.o(.text)
    Getsignchart                             0x08000759   Thumb Code   694  main.o(.text)
    Getfreqchart                             0x08000a0f   Thumb Code   424  main.o(.text)
    LCD_Drawdesign                           0x08000bb7   Thumb Code   990  main.o(.text)
    xianshi_classify                         0x08000f95   Thumb Code   584  main.o(.text)
    quanzidong                               0x080011dd   Thumb Code   488  main.o(.text)
    get_danci                                0x080013c5   Thumb Code   582  main.o(.text)
    get_thdmean                              0x0800160b   Thumb Code  1254  main.o(.text)
    main                                     0x08001af1   Thumb Code   688  main.o(.text)
    DMA1_Channel1_IRQHandler                 0x08001da1   Thumb Code    48  main.o(.text)
    NMI_Handler                              0x08001e15   Thumb Code     2  stm32f10x_it.o(.text)
    HardFault_Handler                        0x08001e17   Thumb Code     4  stm32f10x_it.o(.text)
    MemManage_Handler                        0x08001e1b   Thumb Code     4  stm32f10x_it.o(.text)
    BusFault_Handler                         0x08001e1f   Thumb Code     4  stm32f10x_it.o(.text)
    UsageFault_Handler                       0x08001e23   Thumb Code     4  stm32f10x_it.o(.text)
    SVC_Handler                              0x08001e27   Thumb Code     2  stm32f10x_it.o(.text)
    DebugMon_Handler                         0x08001e29   Thumb Code     2  stm32f10x_it.o(.text)
    PendSV_Handler                           0x08001e2b   Thumb Code     2  stm32f10x_it.o(.text)
    SysTick_Handler                          0x08001e2d   Thumb Code     2  stm32f10x_it.o(.text)
    SystemInit                               0x08001f0f   Thumb Code    78  system_stm32f10x.o(.text)
    SystemCoreClockUpdate                    0x08001f5d   Thumb Code   142  system_stm32f10x.o(.text)
    KEY_Init                                 0x08002011   Thumb Code    74  key.o(.text)
    KEY_Scan                                 0x0800205b   Thumb Code   892  key.o(.text)
    LCD_WR_REG                               0x08002435   Thumb Code     6  lcd.o(.text)
    LCD_WR_DATA                              0x0800243b   Thumb Code     8  lcd.o(.text)
    LCD_RD_DATA                              0x08002443   Thumb Code    16  lcd.o(.text)
    LCD_WriteReg                             0x08002453   Thumb Code    10  lcd.o(.text)
    LCD_ReadReg                              0x0800245d   Thumb Code    22  lcd.o(.text)
    LCD_WriteRAM_Prepare                     0x08002473   Thumb Code    10  lcd.o(.text)
    LCD_WriteRAM                             0x0800247d   Thumb Code     8  lcd.o(.text)
    LCD_BGR2RGB                              0x08002485   Thumb Code    26  lcd.o(.text)
    opt_delay                                0x0800249f   Thumb Code    14  lcd.o(.text)
    LCD_SetCursor                            0x080024ad   Thumb Code   418  lcd.o(.text)
    LCD_ReadPoint                            0x0800264f   Thumb Code   360  lcd.o(.text)
    LCD_DisplayOn                            0x080027b7   Thumb Code   102  lcd.o(.text)
    LCD_DisplayOff                           0x0800281d   Thumb Code    90  lcd.o(.text)
    LCD_Scan_Dir                             0x08002877   Thumb Code   744  lcd.o(.text)
    LCD_DrawPoint                            0x08002b5f   Thumb Code    28  lcd.o(.text)
    LCD_Fast_DrawPoint                       0x08002b7b   Thumb Code   384  lcd.o(.text)
    LCD_SSD_BackLightSet                     0x08002cfb   Thumb Code    80  lcd.o(.text)
    LCD_Display_Dir                          0x08002d4b   Thumb Code   444  lcd.o(.text)
    LCD_Set_Window                           0x08002f07   Thumb Code   540  lcd.o(.text)
    LCD_Clear                                0x08003123   Thumb Code   100  lcd.o(.text)
    LCD_Init                                 0x08003187   Thumb Code 14184  lcd.o(.text)
    LCD_Fill                                 0x080068ef   Thumb Code   178  lcd.o(.text)
    LCD_Color_Fill                           0x080069a1   Thumb Code   106  lcd.o(.text)
    LCD_DrawLine                             0x08006a0b   Thumb Code   176  lcd.o(.text)
    LCD_DrawRectangle                        0x08006abb   Thumb Code    60  lcd.o(.text)
    LCD_Draw_Circle                          0x08006af7   Thumb Code   152  lcd.o(.text)
    LCD_ShowChar                             0x08006b8f   Thumb Code   272  lcd.o(.text)
    LCD_Pow                                  0x08006c9f   Thumb Code    22  lcd.o(.text)
    LCD_ShowNum                              0x08006cb5   Thumb Code   148  lcd.o(.text)
    LCD_ShowxNum                             0x08006d49   Thumb Code   220  lcd.o(.text)
    LCD_ShowString                           0x08006e25   Thumb Code   102  lcd.o(.text)
    LCD_Draw_HollowRect                      0x08006e8b   Thumb Code    88  lcd.o(.text)
    Show_Graph                               0x08006ee3   Thumb Code   178  lcd.o(.text)
    ADC1_Init                                0x080070e1   Thumb Code    12  adc.o(.text)
    TIM2_Configuration                       0x080070fd   Thumb Code   146  timer.o(.text)
    TIM2_NVIC_Configuration                  0x0800718f   Thumb Code    32  timer.o(.text)
    TIME2_Init                               0x080071af   Thumb Code    12  timer.o(.text)
    TIM2_IRQHandler                          0x080071bb   Thumb Code    24  timer.o(.text)
    TIM3_Int_Init                            0x080071d3   Thumb Code    90  timer.o(.text)
    TIM3_IRQHandler                          0x0800722d   Thumb Code    26  timer.o(.text)
    USART_RCC_Configuration                  0x0800724d   Thumb Code    14  usar.o(.text)
    USART_GPIO_Configuration                 0x0800725b   Thumb Code    52  usar.o(.text)
    USART_Configuration                      0x0800728f   Thumb Code    58  usar.o(.text)
    _sys_exit                                0x080072c9   Thumb Code     6  usar.o(.text)
    fputc                                    0x080072cf   Thumb Code    32  usar.o(.text)
    cr4_fft_1024_stm32                       0x080072f9   Thumb Code     0  cr4_fft_1024_stm32.o(.text)
    delay_init                               0x080084d9   Thumb Code    50  delay.o(.text)
    delay_us                                 0x0800850b   Thumb Code    72  delay.o(.text)
    delay_ms                                 0x08008553   Thumb Code    72  delay.o(.text)
    Reset_Handler                            0x080085ad   Thumb Code     8  startup_stm32f10x_hd.o(.text)
    ADC1_2_IRQHandler                        0x080085c7   Thumb Code     0  startup_stm32f10x_hd.o(.text)
    ADC3_IRQHandler                          0x080085c7   Thumb Code     0  startup_stm32f10x_hd.o(.text)
    CAN1_RX1_IRQHandler                      0x080085c7   Thumb Code     0  startup_stm32f10x_hd.o(.text)
    CAN1_SCE_IRQHandler                      0x080085c7   Thumb Code     0  startup_stm32f10x_hd.o(.text)
    DMA1_Channel2_IRQHandler                 0x080085c7   Thumb Code     0  startup_stm32f10x_hd.o(.text)
    DMA1_Channel3_IRQHandler                 0x080085c7   Thumb Code     0  startup_stm32f10x_hd.o(.text)
    DMA1_Channel4_IRQHandler                 0x080085c7   Thumb Code     0  startup_stm32f10x_hd.o(.text)
    DMA1_Channel5_IRQHandler                 0x080085c7   Thumb Code     0  startup_stm32f10x_hd.o(.text)
    DMA1_Channel6_IRQHandler                 0x080085c7   Thumb Code     0  startup_stm32f10x_hd.o(.text)
    DMA1_Channel7_IRQHandler                 0x080085c7   Thumb Code     0  startup_stm32f10x_hd.o(.text)
    DMA2_Channel1_IRQHandler                 0x080085c7   Thumb Code     0  startup_stm32f10x_hd.o(.text)
    DMA2_Channel2_IRQHandler                 0x080085c7   Thumb Code     0  startup_stm32f10x_hd.o(.text)
    DMA2_Channel3_IRQHandler                 0x080085c7   Thumb Code     0  startup_stm32f10x_hd.o(.text)
    DMA2_Channel4_5_IRQHandler               0x080085c7   Thumb Code     0  startup_stm32f10x_hd.o(.text)
    EXTI0_IRQHandler                         0x080085c7   Thumb Code     0  startup_stm32f10x_hd.o(.text)
    EXTI15_10_IRQHandler                     0x080085c7   Thumb Code     0  startup_stm32f10x_hd.o(.text)
    EXTI1_IRQHandler                         0x080085c7   Thumb Code     0  startup_stm32f10x_hd.o(.text)
    EXTI2_IRQHandler                         0x080085c7   Thumb Code     0  startup_stm32f10x_hd.o(.text)
    EXTI3_IRQHandler                         0x080085c7   Thumb Code     0  startup_stm32f10x_hd.o(.text)
    EXTI4_IRQHandler                         0x080085c7   Thumb Code     0  startup_stm32f10x_hd.o(.text)
    EXTI9_5_IRQHandler                       0x080085c7   Thumb Code     0  startup_stm32f10x_hd.o(.text)
    FLASH_IRQHandler                         0x080085c7   Thumb Code     0  startup_stm32f10x_hd.o(.text)
    FSMC_IRQHandler                          0x080085c7   Thumb Code     0  startup_stm32f10x_hd.o(.text)
    I2C1_ER_IRQHandler                       0x080085c7   Thumb Code     0  startup_stm32f10x_hd.o(.text)
    I2C1_EV_IRQHandler                       0x080085c7   Thumb Code     0  startup_stm32f10x_hd.o(.text)
    I2C2_ER_IRQHandler                       0x080085c7   Thumb Code     0  startup_stm32f10x_hd.o(.text)
    I2C2_EV_IRQHandler                       0x080085c7   Thumb Code     0  startup_stm32f10x_hd.o(.text)
    PVD_IRQHandler                           0x080085c7   Thumb Code     0  startup_stm32f10x_hd.o(.text)
    RCC_IRQHandler                           0x080085c7   Thumb Code     0  startup_stm32f10x_hd.o(.text)
    RTCAlarm_IRQHandler                      0x080085c7   Thumb Code     0  startup_stm32f10x_hd.o(.text)
    RTC_IRQHandler                           0x080085c7   Thumb Code     0  startup_stm32f10x_hd.o(.text)
    SDIO_IRQHandler                          0x080085c7   Thumb Code     0  startup_stm32f10x_hd.o(.text)
    SPI1_IRQHandler                          0x080085c7   Thumb Code     0  startup_stm32f10x_hd.o(.text)
    SPI2_IRQHandler                          0x080085c7   Thumb Code     0  startup_stm32f10x_hd.o(.text)
    SPI3_IRQHandler                          0x080085c7   Thumb Code     0  startup_stm32f10x_hd.o(.text)
    TAMPER_IRQHandler                        0x080085c7   Thumb Code     0  startup_stm32f10x_hd.o(.text)
    TIM1_BRK_IRQHandler                      0x080085c7   Thumb Code     0  startup_stm32f10x_hd.o(.text)
    TIM1_CC_IRQHandler                       0x080085c7   Thumb Code     0  startup_stm32f10x_hd.o(.text)
    TIM1_TRG_COM_IRQHandler                  0x080085c7   Thumb Code     0  startup_stm32f10x_hd.o(.text)
    TIM1_UP_IRQHandler                       0x080085c7   Thumb Code     0  startup_stm32f10x_hd.o(.text)
    TIM4_IRQHandler                          0x080085c7   Thumb Code     0  startup_stm32f10x_hd.o(.text)
    TIM5_IRQHandler                          0x080085c7   Thumb Code     0  startup_stm32f10x_hd.o(.text)
    TIM6_IRQHandler                          0x080085c7   Thumb Code     0  startup_stm32f10x_hd.o(.text)
    TIM7_IRQHandler                          0x080085c7   Thumb Code     0  startup_stm32f10x_hd.o(.text)
    TIM8_BRK_IRQHandler                      0x080085c7   Thumb Code     0  startup_stm32f10x_hd.o(.text)
    TIM8_CC_IRQHandler                       0x080085c7   Thumb Code     0  startup_stm32f10x_hd.o(.text)
    TIM8_TRG_COM_IRQHandler                  0x080085c7   Thumb Code     0  startup_stm32f10x_hd.o(.text)
    TIM8_UP_IRQHandler                       0x080085c7   Thumb Code     0  startup_stm32f10x_hd.o(.text)
    UART4_IRQHandler                         0x080085c7   Thumb Code     0  startup_stm32f10x_hd.o(.text)
    UART5_IRQHandler                         0x080085c7   Thumb Code     0  startup_stm32f10x_hd.o(.text)
    USART1_IRQHandler                        0x080085c7   Thumb Code     0  startup_stm32f10x_hd.o(.text)
    USART2_IRQHandler                        0x080085c7   Thumb Code     0  startup_stm32f10x_hd.o(.text)
    USART3_IRQHandler                        0x080085c7   Thumb Code     0  startup_stm32f10x_hd.o(.text)
    USBWakeUp_IRQHandler                     0x080085c7   Thumb Code     0  startup_stm32f10x_hd.o(.text)
    USB_HP_CAN1_TX_IRQHandler                0x080085c7   Thumb Code     0  startup_stm32f10x_hd.o(.text)
    USB_LP_CAN1_RX0_IRQHandler               0x080085c7   Thumb Code     0  startup_stm32f10x_hd.o(.text)
    WWDG_IRQHandler                          0x080085c7   Thumb Code     0  startup_stm32f10x_hd.o(.text)
    __user_initial_stackheap                 0x080085c9   Thumb Code     0  startup_stm32f10x_hd.o(.text)
    NVIC_PriorityGroupConfig                 0x080085ed   Thumb Code    10  misc.o(.text)
    NVIC_Init                                0x080085f7   Thumb Code   100  misc.o(.text)
    NVIC_SetVectorTable                      0x0800865b   Thumb Code    14  misc.o(.text)
    NVIC_SystemLPConfig                      0x08008669   Thumb Code    34  misc.o(.text)
    SysTick_CLKSourceConfig                  0x0800868b   Thumb Code    40  misc.o(.text)
    ADC_DeInit                               0x080086c9   Thumb Code    78  stm32f10x_adc.o(.text)
    ADC_Init                                 0x08008717   Thumb Code    70  stm32f10x_adc.o(.text)
    ADC_StructInit                           0x0800875d   Thumb Code    18  stm32f10x_adc.o(.text)
    ADC_Cmd                                  0x0800876f   Thumb Code    22  stm32f10x_adc.o(.text)
    ADC_DMACmd                               0x08008785   Thumb Code    22  stm32f10x_adc.o(.text)
    ADC_ITConfig                             0x0800879b   Thumb Code    24  stm32f10x_adc.o(.text)
    ADC_ResetCalibration                     0x080087b3   Thumb Code    10  stm32f10x_adc.o(.text)
    ADC_GetResetCalibrationStatus            0x080087bd   Thumb Code    20  stm32f10x_adc.o(.text)
    ADC_StartCalibration                     0x080087d1   Thumb Code    10  stm32f10x_adc.o(.text)
    ADC_GetCalibrationStatus                 0x080087db   Thumb Code    20  stm32f10x_adc.o(.text)
    ADC_SoftwareStartConvCmd                 0x080087ef   Thumb Code    22  stm32f10x_adc.o(.text)
    ADC_GetSoftwareStartConvStatus           0x08008805   Thumb Code    20  stm32f10x_adc.o(.text)
    ADC_DiscModeChannelCountConfig           0x08008819   Thumb Code    24  stm32f10x_adc.o(.text)
    ADC_DiscModeCmd                          0x08008831   Thumb Code    22  stm32f10x_adc.o(.text)
    ADC_RegularChannelConfig                 0x08008847   Thumb Code   184  stm32f10x_adc.o(.text)
    ADC_ExternalTrigConvCmd                  0x080088ff   Thumb Code    22  stm32f10x_adc.o(.text)
    ADC_GetConversionValue                   0x08008915   Thumb Code     8  stm32f10x_adc.o(.text)
    ADC_GetDualModeConversionValue           0x0800891d   Thumb Code     8  stm32f10x_adc.o(.text)
    ADC_AutoInjectedConvCmd                  0x08008925   Thumb Code    22  stm32f10x_adc.o(.text)
    ADC_InjectedDiscModeCmd                  0x0800893b   Thumb Code    22  stm32f10x_adc.o(.text)
    ADC_ExternalTrigInjectedConvConfig       0x08008951   Thumb Code    16  stm32f10x_adc.o(.text)
    ADC_ExternalTrigInjectedConvCmd          0x08008961   Thumb Code    22  stm32f10x_adc.o(.text)
    ADC_SoftwareStartInjectedConvCmd         0x08008977   Thumb Code    22  stm32f10x_adc.o(.text)
    ADC_GetSoftwareStartInjectedConvCmdStatus 0x0800898d   Thumb Code    20  stm32f10x_adc.o(.text)
    ADC_InjectedChannelConfig                0x080089a1   Thumb Code   130  stm32f10x_adc.o(.text)
    ADC_InjectedSequencerLengthConfig        0x08008a23   Thumb Code    24  stm32f10x_adc.o(.text)
    ADC_SetInjectedOffset                    0x08008a3b   Thumb Code    20  stm32f10x_adc.o(.text)
    ADC_GetInjectedConversionValue           0x08008a4f   Thumb Code    28  stm32f10x_adc.o(.text)
    ADC_AnalogWatchdogCmd                    0x08008a6b   Thumb Code    16  stm32f10x_adc.o(.text)
    ADC_AnalogWatchdogThresholdsConfig       0x08008a7b   Thumb Code     6  stm32f10x_adc.o(.text)
    ADC_AnalogWatchdogSingleChannelConfig    0x08008a81   Thumb Code    16  stm32f10x_adc.o(.text)
    ADC_TempSensorVrefintCmd                 0x08008a91   Thumb Code    64  stm32f10x_adc.o(.text)
    ADC_GetFlagStatus                        0x08008ad1   Thumb Code    18  stm32f10x_adc.o(.text)
    ADC_ClearFlag                            0x08008ae3   Thumb Code     6  stm32f10x_adc.o(.text)
    ADC_GetITStatus                          0x08008ae9   Thumb Code    36  stm32f10x_adc.o(.text)
    ADC_ClearITPendingBit                    0x08008b0d   Thumb Code    10  stm32f10x_adc.o(.text)
    FSMC_NORSRAMDeInit                       0x08008b19   Thumb Code    54  stm32f10x_fsmc.o(.text)
    FSMC_NANDDeInit                          0x08008b4f   Thumb Code    62  stm32f10x_fsmc.o(.text)
    FSMC_PCCARDDeInit                        0x08008b8d   Thumb Code    36  stm32f10x_fsmc.o(.text)
    FSMC_NORSRAMInit                         0x08008bb1   Thumb Code   230  stm32f10x_fsmc.o(.text)
    FSMC_NANDInit                            0x08008c97   Thumb Code   132  stm32f10x_fsmc.o(.text)
    FSMC_PCCARDInit                          0x08008d1b   Thumb Code   130  stm32f10x_fsmc.o(.text)
    FSMC_NORSRAMStructInit                   0x08008d9d   Thumb Code   114  stm32f10x_fsmc.o(.text)
    FSMC_NANDStructInit                      0x08008e0f   Thumb Code    54  stm32f10x_fsmc.o(.text)
    FSMC_PCCARDStructInit                    0x08008e45   Thumb Code    60  stm32f10x_fsmc.o(.text)
    FSMC_NORSRAMCmd                          0x08008e81   Thumb Code    46  stm32f10x_fsmc.o(.text)
    FSMC_NANDCmd                             0x08008eaf   Thumb Code    86  stm32f10x_fsmc.o(.text)
    FSMC_PCCARDCmd                           0x08008f05   Thumb Code    44  stm32f10x_fsmc.o(.text)
    FSMC_NANDECCCmd                          0x08008f31   Thumb Code    90  stm32f10x_fsmc.o(.text)
    FSMC_GetECC                              0x08008f8b   Thumb Code    24  stm32f10x_fsmc.o(.text)
    FSMC_ITConfig                            0x08008fa3   Thumb Code   128  stm32f10x_fsmc.o(.text)
    FSMC_GetFlagStatus                       0x08009023   Thumb Code    54  stm32f10x_fsmc.o(.text)
    FSMC_ClearFlag                           0x08009059   Thumb Code    62  stm32f10x_fsmc.o(.text)
    FSMC_GetITStatus                         0x08009097   Thumb Code    64  stm32f10x_fsmc.o(.text)
    FSMC_ClearITPendingBit                   0x080090d7   Thumb Code    68  stm32f10x_fsmc.o(.text)
    GPIO_DeInit                              0x08009125   Thumb Code   172  stm32f10x_gpio.o(.text)
    GPIO_AFIODeInit                          0x080091d1   Thumb Code    20  stm32f10x_gpio.o(.text)
    GPIO_Init                                0x080091e5   Thumb Code   278  stm32f10x_gpio.o(.text)
    GPIO_StructInit                          0x080092fb   Thumb Code    16  stm32f10x_gpio.o(.text)
    GPIO_ReadInputDataBit                    0x0800930b   Thumb Code    18  stm32f10x_gpio.o(.text)
    GPIO_ReadInputData                       0x0800931d   Thumb Code     8  stm32f10x_gpio.o(.text)
    GPIO_ReadOutputDataBit                   0x08009325   Thumb Code    18  stm32f10x_gpio.o(.text)
    GPIO_ReadOutputData                      0x08009337   Thumb Code     8  stm32f10x_gpio.o(.text)
    GPIO_SetBits                             0x0800933f   Thumb Code     4  stm32f10x_gpio.o(.text)
    GPIO_ResetBits                           0x08009343   Thumb Code     4  stm32f10x_gpio.o(.text)
    GPIO_WriteBit                            0x08009347   Thumb Code    10  stm32f10x_gpio.o(.text)
    GPIO_Write                               0x08009351   Thumb Code     4  stm32f10x_gpio.o(.text)
    GPIO_PinLockConfig                       0x08009355   Thumb Code    18  stm32f10x_gpio.o(.text)
    GPIO_EventOutputConfig                   0x08009367   Thumb Code    26  stm32f10x_gpio.o(.text)
    GPIO_EventOutputCmd                      0x08009381   Thumb Code     6  stm32f10x_gpio.o(.text)
    GPIO_PinRemapConfig                      0x08009387   Thumb Code   138  stm32f10x_gpio.o(.text)
    GPIO_EXTILineConfig                      0x08009411   Thumb Code    66  stm32f10x_gpio.o(.text)
    GPIO_ETH_MediaInterfaceConfig            0x08009453   Thumb Code     8  stm32f10x_gpio.o(.text)
    RCC_DeInit                               0x08009481   Thumb Code    64  stm32f10x_rcc.o(.text)
    RCC_HSEConfig                            0x080094c1   Thumb Code    70  stm32f10x_rcc.o(.text)
    RCC_GetFlagStatus                        0x08009507   Thumb Code    56  stm32f10x_rcc.o(.text)
    RCC_WaitForHSEStartUp                    0x0800953f   Thumb Code    56  stm32f10x_rcc.o(.text)
    RCC_AdjustHSICalibrationValue            0x08009577   Thumb Code    20  stm32f10x_rcc.o(.text)
    RCC_HSICmd                               0x0800958b   Thumb Code     6  stm32f10x_rcc.o(.text)
    RCC_PLLConfig                            0x08009591   Thumb Code    24  stm32f10x_rcc.o(.text)
    RCC_PLLCmd                               0x080095a9   Thumb Code     6  stm32f10x_rcc.o(.text)
    RCC_SYSCLKConfig                         0x080095af   Thumb Code    18  stm32f10x_rcc.o(.text)
    RCC_GetSYSCLKSource                      0x080095c1   Thumb Code    10  stm32f10x_rcc.o(.text)
    RCC_HCLKConfig                           0x080095cb   Thumb Code    18  stm32f10x_rcc.o(.text)
    RCC_PCLK1Config                          0x080095dd   Thumb Code    18  stm32f10x_rcc.o(.text)
    RCC_PCLK2Config                          0x080095ef   Thumb Code    20  stm32f10x_rcc.o(.text)
    RCC_ITConfig                             0x08009603   Thumb Code    26  stm32f10x_rcc.o(.text)
    RCC_USBCLKConfig                         0x0800961d   Thumb Code     8  stm32f10x_rcc.o(.text)
    RCC_ADCCLKConfig                         0x08009625   Thumb Code    18  stm32f10x_rcc.o(.text)
    RCC_LSEConfig                            0x08009637   Thumb Code    50  stm32f10x_rcc.o(.text)
    RCC_LSICmd                               0x08009669   Thumb Code     6  stm32f10x_rcc.o(.text)
    RCC_RTCCLKConfig                         0x0800966f   Thumb Code    12  stm32f10x_rcc.o(.text)
    RCC_RTCCLKCmd                            0x0800967b   Thumb Code     8  stm32f10x_rcc.o(.text)
    RCC_GetClocksFreq                        0x08009683   Thumb Code   192  stm32f10x_rcc.o(.text)
    RCC_AHBPeriphClockCmd                    0x08009743   Thumb Code    26  stm32f10x_rcc.o(.text)
    RCC_APB2PeriphClockCmd                   0x0800975d   Thumb Code    26  stm32f10x_rcc.o(.text)
    RCC_APB1PeriphClockCmd                   0x08009777   Thumb Code    26  stm32f10x_rcc.o(.text)
    RCC_APB2PeriphResetCmd                   0x08009791   Thumb Code    26  stm32f10x_rcc.o(.text)
    RCC_APB1PeriphResetCmd                   0x080097ab   Thumb Code    26  stm32f10x_rcc.o(.text)
    RCC_BackupResetCmd                       0x080097c5   Thumb Code     8  stm32f10x_rcc.o(.text)
    RCC_ClockSecuritySystemCmd               0x080097cd   Thumb Code     6  stm32f10x_rcc.o(.text)
    RCC_MCOConfig                            0x080097d3   Thumb Code     6  stm32f10x_rcc.o(.text)
    RCC_ClearFlag                            0x080097d9   Thumb Code    14  stm32f10x_rcc.o(.text)
    RCC_GetITStatus                          0x080097e7   Thumb Code    20  stm32f10x_rcc.o(.text)
    RCC_ClearITPendingBit                    0x080097fb   Thumb Code     6  stm32f10x_rcc.o(.text)
    USART_DeInit                             0x08009825   Thumb Code   134  stm32f10x_usart.o(.text)
    USART_Init                               0x080098ab   Thumb Code   210  stm32f10x_usart.o(.text)
    USART_StructInit                         0x0800997d   Thumb Code    24  stm32f10x_usart.o(.text)
    USART_ClockInit                          0x08009995   Thumb Code    34  stm32f10x_usart.o(.text)
    USART_ClockStructInit                    0x080099b7   Thumb Code    12  stm32f10x_usart.o(.text)
    USART_Cmd                                0x080099c3   Thumb Code    24  stm32f10x_usart.o(.text)
    USART_ITConfig                           0x080099db   Thumb Code    74  stm32f10x_usart.o(.text)
    USART_DMACmd                             0x08009a25   Thumb Code    18  stm32f10x_usart.o(.text)
    USART_SetAddress                         0x08009a37   Thumb Code    18  stm32f10x_usart.o(.text)
    USART_WakeUpConfig                       0x08009a49   Thumb Code    18  stm32f10x_usart.o(.text)
    USART_ReceiverWakeUpCmd                  0x08009a5b   Thumb Code    24  stm32f10x_usart.o(.text)
    USART_LINBreakDetectLengthConfig         0x08009a73   Thumb Code    18  stm32f10x_usart.o(.text)
    USART_LINCmd                             0x08009a85   Thumb Code    24  stm32f10x_usart.o(.text)
    USART_SendData                           0x08009a9d   Thumb Code     8  stm32f10x_usart.o(.text)
    USART_ReceiveData                        0x08009aa5   Thumb Code    10  stm32f10x_usart.o(.text)
    USART_SendBreak                          0x08009aaf   Thumb Code    10  stm32f10x_usart.o(.text)
    USART_SetGuardTime                       0x08009ab9   Thumb Code    16  stm32f10x_usart.o(.text)
    USART_SetPrescaler                       0x08009ac9   Thumb Code    16  stm32f10x_usart.o(.text)
    USART_SmartCardCmd                       0x08009ad9   Thumb Code    24  stm32f10x_usart.o(.text)
    USART_SmartCardNACKCmd                   0x08009af1   Thumb Code    24  stm32f10x_usart.o(.text)
    USART_HalfDuplexCmd                      0x08009b09   Thumb Code    24  stm32f10x_usart.o(.text)
    USART_OverSampling8Cmd                   0x08009b21   Thumb Code    22  stm32f10x_usart.o(.text)
    USART_OneBitMethodCmd                    0x08009b37   Thumb Code    24  stm32f10x_usart.o(.text)
    USART_IrDAConfig                         0x08009b4f   Thumb Code    18  stm32f10x_usart.o(.text)
    USART_IrDACmd                            0x08009b61   Thumb Code    24  stm32f10x_usart.o(.text)
    USART_GetFlagStatus                      0x08009b79   Thumb Code    26  stm32f10x_usart.o(.text)
    USART_ClearFlag                          0x08009b93   Thumb Code    18  stm32f10x_usart.o(.text)
    USART_GetITStatus                        0x08009ba5   Thumb Code    84  stm32f10x_usart.o(.text)
    USART_ClearITPendingBit                  0x08009bf9   Thumb Code    52  stm32f10x_usart.o(.text)
    TIM_DeInit                               0x08009c2d   Thumb Code   424  stm32f10x_tim.o(.text)
    TIM_TimeBaseInit                         0x08009dd5   Thumb Code   122  stm32f10x_tim.o(.text)
    TIM_OC1Init                              0x08009e4f   Thumb Code   132  stm32f10x_tim.o(.text)
    TIM_OC2Init                              0x08009ed3   Thumb Code   154  stm32f10x_tim.o(.text)
    TIM_OC3Init                              0x08009f6d   Thumb Code   150  stm32f10x_tim.o(.text)
    TIM_OC4Init                              0x0800a003   Thumb Code   182  stm32f10x_tim.o(.text)
    TIM_SetIC4Prescaler                      0x0800a0b9   Thumb Code    26  stm32f10x_tim.o(.text)
    TIM_SetIC3Prescaler                      0x0800a155   Thumb Code    18  stm32f10x_tim.o(.text)
    TIM_SetIC2Prescaler                      0x0800a1e1   Thumb Code    26  stm32f10x_tim.o(.text)
    TIM_SetIC1Prescaler                      0x0800a27d   Thumb Code    18  stm32f10x_tim.o(.text)
    TIM_ICInit                               0x0800a2fb   Thumb Code   150  stm32f10x_tim.o(.text)
    TIM_PWMIConfig                           0x0800a391   Thumb Code   124  stm32f10x_tim.o(.text)
    TIM_BDTRConfig                           0x0800a40d   Thumb Code    32  stm32f10x_tim.o(.text)
    TIM_TimeBaseStructInit                   0x0800a42d   Thumb Code    18  stm32f10x_tim.o(.text)
    TIM_OCStructInit                         0x0800a43f   Thumb Code    20  stm32f10x_tim.o(.text)
    TIM_ICStructInit                         0x0800a453   Thumb Code    18  stm32f10x_tim.o(.text)
    TIM_BDTRStructInit                       0x0800a465   Thumb Code    40  stm32f10x_tim.o(.text)
    TIM_Cmd                                  0x0800a48d   Thumb Code    24  stm32f10x_tim.o(.text)
    TIM_CtrlPWMOutputs                       0x0800a4a5   Thumb Code    30  stm32f10x_tim.o(.text)
    TIM_ITConfig                             0x0800a4c3   Thumb Code    18  stm32f10x_tim.o(.text)
    TIM_GenerateEvent                        0x0800a4d5   Thumb Code     4  stm32f10x_tim.o(.text)
    TIM_DMAConfig                            0x0800a4d9   Thumb Code    10  stm32f10x_tim.o(.text)
    TIM_DMACmd                               0x0800a4e3   Thumb Code    18  stm32f10x_tim.o(.text)
    TIM_InternalClockConfig                  0x0800a4f5   Thumb Code    12  stm32f10x_tim.o(.text)
    TIM_SelectInputTrigger                   0x0800a501   Thumb Code    18  stm32f10x_tim.o(.text)
    TIM_ITRxExternalClockConfig              0x0800a513   Thumb Code    24  stm32f10x_tim.o(.text)
    TIM_TIxExternalClockConfig               0x0800a52b   Thumb Code    62  stm32f10x_tim.o(.text)
    TIM_ETRConfig                            0x0800a569   Thumb Code    28  stm32f10x_tim.o(.text)
    TIM_ETRClockMode1Config                  0x0800a585   Thumb Code    54  stm32f10x_tim.o(.text)
    TIM_ETRClockMode2Config                  0x0800a5bb   Thumb Code    32  stm32f10x_tim.o(.text)
    TIM_PrescalerConfig                      0x0800a5db   Thumb Code     6  stm32f10x_tim.o(.text)
    TIM_CounterModeConfig                    0x0800a5e1   Thumb Code    18  stm32f10x_tim.o(.text)
    TIM_EncoderInterfaceConfig               0x0800a5f3   Thumb Code    66  stm32f10x_tim.o(.text)
    TIM_ForcedOC1Config                      0x0800a635   Thumb Code    18  stm32f10x_tim.o(.text)
    TIM_ForcedOC2Config                      0x0800a647   Thumb Code    26  stm32f10x_tim.o(.text)
    TIM_ForcedOC3Config                      0x0800a661   Thumb Code    18  stm32f10x_tim.o(.text)
    TIM_ForcedOC4Config                      0x0800a673   Thumb Code    26  stm32f10x_tim.o(.text)
    TIM_ARRPreloadConfig                     0x0800a68d   Thumb Code    24  stm32f10x_tim.o(.text)
    TIM_SelectCOM                            0x0800a6a5   Thumb Code    24  stm32f10x_tim.o(.text)
    TIM_SelectCCDMA                          0x0800a6bd   Thumb Code    24  stm32f10x_tim.o(.text)
    TIM_CCPreloadControl                     0x0800a6d5   Thumb Code    24  stm32f10x_tim.o(.text)
    TIM_OC1PreloadConfig                     0x0800a6ed   Thumb Code    18  stm32f10x_tim.o(.text)
    TIM_OC2PreloadConfig                     0x0800a6ff   Thumb Code    26  stm32f10x_tim.o(.text)
    TIM_OC3PreloadConfig                     0x0800a719   Thumb Code    18  stm32f10x_tim.o(.text)
    TIM_OC4PreloadConfig                     0x0800a72b   Thumb Code    26  stm32f10x_tim.o(.text)
    TIM_OC1FastConfig                        0x0800a745   Thumb Code    18  stm32f10x_tim.o(.text)
    TIM_OC2FastConfig                        0x0800a757   Thumb Code    26  stm32f10x_tim.o(.text)
    TIM_OC3FastConfig                        0x0800a771   Thumb Code    18  stm32f10x_tim.o(.text)
    TIM_OC4FastConfig                        0x0800a783   Thumb Code    26  stm32f10x_tim.o(.text)
    TIM_ClearOC1Ref                          0x0800a79d   Thumb Code    18  stm32f10x_tim.o(.text)
    TIM_ClearOC2Ref                          0x0800a7af   Thumb Code    24  stm32f10x_tim.o(.text)
    TIM_ClearOC3Ref                          0x0800a7c7   Thumb Code    18  stm32f10x_tim.o(.text)
    TIM_ClearOC4Ref                          0x0800a7d9   Thumb Code    24  stm32f10x_tim.o(.text)
    TIM_OC1PolarityConfig                    0x0800a7f1   Thumb Code    18  stm32f10x_tim.o(.text)
    TIM_OC1NPolarityConfig                   0x0800a803   Thumb Code    18  stm32f10x_tim.o(.text)
    TIM_OC2PolarityConfig                    0x0800a815   Thumb Code    26  stm32f10x_tim.o(.text)
    TIM_OC2NPolarityConfig                   0x0800a82f   Thumb Code    26  stm32f10x_tim.o(.text)
    TIM_OC3PolarityConfig                    0x0800a849   Thumb Code    26  stm32f10x_tim.o(.text)
    TIM_OC3NPolarityConfig                   0x0800a863   Thumb Code    26  stm32f10x_tim.o(.text)
    TIM_OC4PolarityConfig                    0x0800a87d   Thumb Code    26  stm32f10x_tim.o(.text)
    TIM_CCxCmd                               0x0800a897   Thumb Code    30  stm32f10x_tim.o(.text)
    TIM_CCxNCmd                              0x0800a8b5   Thumb Code    30  stm32f10x_tim.o(.text)
    TIM_SelectOCxM                           0x0800a8d3   Thumb Code    82  stm32f10x_tim.o(.text)
    TIM_UpdateDisableConfig                  0x0800a925   Thumb Code    24  stm32f10x_tim.o(.text)
    TIM_UpdateRequestConfig                  0x0800a93d   Thumb Code    24  stm32f10x_tim.o(.text)
    TIM_SelectHallSensor                     0x0800a955   Thumb Code    24  stm32f10x_tim.o(.text)
    TIM_SelectOnePulseMode                   0x0800a96d   Thumb Code    18  stm32f10x_tim.o(.text)
    TIM_SelectOutputTrigger                  0x0800a97f   Thumb Code    18  stm32f10x_tim.o(.text)
    TIM_SelectSlaveMode                      0x0800a991   Thumb Code    18  stm32f10x_tim.o(.text)
    TIM_SelectMasterSlaveMode                0x0800a9a3   Thumb Code    18  stm32f10x_tim.o(.text)
    TIM_SetCounter                           0x0800a9b5   Thumb Code     4  stm32f10x_tim.o(.text)
    TIM_SetAutoreload                        0x0800a9b9   Thumb Code     4  stm32f10x_tim.o(.text)
    TIM_SetCompare1                          0x0800a9bd   Thumb Code     4  stm32f10x_tim.o(.text)
    TIM_SetCompare2                          0x0800a9c1   Thumb Code     4  stm32f10x_tim.o(.text)
    TIM_SetCompare3                          0x0800a9c5   Thumb Code     4  stm32f10x_tim.o(.text)
    TIM_SetCompare4                          0x0800a9c9   Thumb Code     6  stm32f10x_tim.o(.text)
    TIM_SetClockDivision                     0x0800a9cf   Thumb Code    18  stm32f10x_tim.o(.text)
    TIM_GetCapture1                          0x0800a9e1   Thumb Code     6  stm32f10x_tim.o(.text)
    TIM_GetCapture2                          0x0800a9e7   Thumb Code     6  stm32f10x_tim.o(.text)
    TIM_GetCapture3                          0x0800a9ed   Thumb Code     6  stm32f10x_tim.o(.text)
    TIM_GetCapture4                          0x0800a9f3   Thumb Code     8  stm32f10x_tim.o(.text)
    TIM_GetCounter                           0x0800a9fb   Thumb Code     6  stm32f10x_tim.o(.text)
    TIM_GetPrescaler                         0x0800aa01   Thumb Code     6  stm32f10x_tim.o(.text)
    TIM_GetFlagStatus                        0x0800aa07   Thumb Code    18  stm32f10x_tim.o(.text)
    TIM_ClearFlag                            0x0800aa19   Thumb Code     6  stm32f10x_tim.o(.text)
    TIM_GetITStatus                          0x0800aa1f   Thumb Code    34  stm32f10x_tim.o(.text)
    TIM_ClearITPendingBit                    0x0800aa41   Thumb Code     6  stm32f10x_tim.o(.text)
    DMA_DeInit                               0x0800aa49   Thumb Code   324  stm32f10x_dma.o(.text)
    DMA_Init                                 0x0800ab8d   Thumb Code    60  stm32f10x_dma.o(.text)
    DMA_StructInit                           0x0800abc9   Thumb Code    26  stm32f10x_dma.o(.text)
    DMA_Cmd                                  0x0800abe3   Thumb Code    24  stm32f10x_dma.o(.text)
    DMA_ITConfig                             0x0800abfb   Thumb Code    18  stm32f10x_dma.o(.text)
    DMA_SetCurrDataCounter                   0x0800ac0d   Thumb Code     4  stm32f10x_dma.o(.text)
    DMA_GetCurrDataCounter                   0x0800ac11   Thumb Code     8  stm32f10x_dma.o(.text)
    DMA_GetFlagStatus                        0x0800ac19   Thumb Code    40  stm32f10x_dma.o(.text)
    DMA_ClearFlag                            0x0800ac41   Thumb Code    22  stm32f10x_dma.o(.text)
    DMA_GetITStatus                          0x0800ac57   Thumb Code    40  stm32f10x_dma.o(.text)
    DMA_ClearITPendingBit                    0x0800ac7f   Thumb Code    22  stm32f10x_dma.o(.text)
    __use_no_semihosting                     0x0800ac9d   Thumb Code     2  use_no_semi_2.o(.text)
    __2printf                                0x0800aca1   Thumb Code    20  noretval__2printf.o(.text)
    __2sprintf                               0x0800acb9   Thumb Code    34  noretval__2sprintf.o(.text)
    _printf_int_hex                          0x0800ace1   Thumb Code    84  _printf_hex_int.o(.text)
    _printf_longlong_hex                     0x0800ace1   Thumb Code     0  _printf_hex_int.o(.text)
    __printf                                 0x0800ad39   Thumb Code   352  __printf_ss_wp.o(.text)
    __use_two_region_memory                  0x0800ae99   Thumb Code     2  heapauxi.o(.text)
    __rt_heap_escrow$2region                 0x0800ae9b   Thumb Code     2  heapauxi.o(.text)
    __rt_heap_expand$2region                 0x0800ae9d   Thumb Code     2  heapauxi.o(.text)
    __I$use$semihosting                      0x0800ae9f   Thumb Code     0  use_no_semi.o(.text)
    __use_no_semihosting_swi                 0x0800ae9f   Thumb Code     2  use_no_semi.o(.text)
    __read_errno                             0x0800aea1   Thumb Code    10  _rserrno.o(.text)
    __set_errno                              0x0800aeab   Thumb Code    12  _rserrno.o(.text)
    _printf_int_common                       0x0800aeb7   Thumb Code   178  _printf_intcommon.o(.text)
    __lib_sel_fp_printf                      0x0800af69   Thumb Code     2  _printf_fp_dec.o(.text)
    _printf_fp_dec_real                      0x0800b117   Thumb Code   620  _printf_fp_dec.o(.text)
    _printf_char_common                      0x0800b38f   Thumb Code    32  _printf_char_common.o(.text)
    _sputc                                   0x0800b3b5   Thumb Code    10  _sputc.o(.text)
    _printf_char_file                        0x0800b3c1   Thumb Code    32  _printf_char_file.o(.text)
    __rt_locale                              0x0800b3e5   Thumb Code     8  rt_locale_intlibspace.o(.text)
    __aeabi_errno_addr                       0x0800b3ed   Thumb Code     8  rt_errno_addr_intlibspace.o(.text)
    __errno$intlibspace                      0x0800b3ed   Thumb Code     0  rt_errno_addr_intlibspace.o(.text)
    __rt_errno_addr$intlibspace              0x0800b3ed   Thumb Code     0  rt_errno_addr_intlibspace.o(.text)
    _ll_udiv10                               0x0800b3f5   Thumb Code   138  lludiv10.o(.text)
    _printf_fp_infnan                        0x0800b481   Thumb Code   112  _printf_fp_infnan.o(.text)
    _btod_etento                             0x0800b501   Thumb Code   216  bigflt0.o(.text)
    ferror                                   0x0800b5dd   Thumb Code     8  ferror.o(.text)
    __user_libspace                          0x0800b5e5   Thumb Code     8  libspace.o(.text)
    __user_perproc_libspace                  0x0800b5e5   Thumb Code     0  libspace.o(.text)
    __user_perthread_libspace                0x0800b5e5   Thumb Code     0  libspace.o(.text)
    __user_setup_stackheap                   0x0800b5ed   Thumb Code    74  sys_stackheap_outer.o(.text)
    exit                                     0x0800b637   Thumb Code    18  exit.o(.text)
    strcmp                                   0x0800b649   Thumb Code   128  strcmpv7m.o(.text)
    _btod_d2e                                0x0800b6c9   Thumb Code    62  btod.o(CL$$btod_d2e)
    _d2e_denorm_low                          0x0800b707   Thumb Code    70  btod.o(CL$$btod_d2e_denorm_low)
    _d2e_norm_op1                            0x0800b74d   Thumb Code    96  btod.o(CL$$btod_d2e_norm_op1)
    __btod_div_common                        0x0800b7ad   Thumb Code   696  btod.o(CL$$btod_div_common)
    _e2e                                     0x0800bae5   Thumb Code   198  btod.o(CL$$btod_e2e)
    _btod_ediv                               0x0800bbab   Thumb Code    40  btod.o(CL$$btod_ediv)
    _btod_emul                               0x0800bbd3   Thumb Code    40  btod.o(CL$$btod_emul)
    __btod_mult_common                       0x0800bbfb   Thumb Code   580  btod.o(CL$$btod_mult_common)
    __ARM_fpclassify                         0x0800be3f   Thumb Code    40  fpclassify.o(i.__ARM_fpclassify)
    _is_digit                                0x0800be67   Thumb Code    14  __printf_wp.o(i._is_digit)
    sqrt                                     0x0800be75   Thumb Code    76  sqrt.o(i.sqrt)
    _get_lc_numeric                          0x0800bec1   Thumb Code    44  lc_numeric_c.o(locale$$code)
    __aeabi_d2f                              0x0800beed   Thumb Code     0  d2f.o(x$fpl$d2f)
    _d2f                                     0x0800beed   Thumb Code    98  d2f.o(x$fpl$d2f)
    __aeabi_dadd                             0x0800bf51   Thumb Code     0  daddsub_clz.o(x$fpl$dadd)
    _dadd                                    0x0800bf51   Thumb Code   332  daddsub_clz.o(x$fpl$dadd)
    __fpl_dcmp_Inf                           0x0800c0a1   Thumb Code    24  dcmpi.o(x$fpl$dcmpinf)
    __aeabi_ddiv                             0x0800c0b9   Thumb Code     0  ddiv.o(x$fpl$ddiv)
    _ddiv                                    0x0800c0b9   Thumb Code   552  ddiv.o(x$fpl$ddiv)
    __aeabi_cdcmpeq                          0x0800c369   Thumb Code     0  deqf.o(x$fpl$deqf)
    _dcmpeq                                  0x0800c369   Thumb Code   120  deqf.o(x$fpl$deqf)
    __aeabi_d2uiz                            0x0800c3e1   Thumb Code     0  dfixu.o(x$fpl$dfixu)
    _dfixu                                   0x0800c3e1   Thumb Code    90  dfixu.o(x$fpl$dfixu)
    __aeabi_i2d                              0x0800c43b   Thumb Code     0  dflt_clz.o(x$fpl$dflt)
    _dflt                                    0x0800c43b   Thumb Code    46  dflt_clz.o(x$fpl$dflt)
    __aeabi_ui2d                             0x0800c469   Thumb Code     0  dflt_clz.o(x$fpl$dfltu)
    _dfltu                                   0x0800c469   Thumb Code    38  dflt_clz.o(x$fpl$dfltu)
    __aeabi_cdcmple                          0x0800c491   Thumb Code     0  dleqf.o(x$fpl$dleqf)
    _dcmple                                  0x0800c491   Thumb Code   120  dleqf.o(x$fpl$dleqf)
    __fpl_dcmple_InfNaN                      0x0800c4f3   Thumb Code     0  dleqf.o(x$fpl$dleqf)
    __aeabi_dmul                             0x0800c509   Thumb Code     0  dmul.o(x$fpl$dmul)
    _dmul                                    0x0800c509   Thumb Code   332  dmul.o(x$fpl$dmul)
    __fpl_dnaninf                            0x0800c65d   Thumb Code   156  dnaninf.o(x$fpl$dnaninf)
    __fpl_dretinf                            0x0800c6f9   Thumb Code    12  dretinf.o(x$fpl$dretinf)
    __aeabi_drsub                            0x0800c705   Thumb Code     0  daddsub_clz.o(x$fpl$drsb)
    _drsb                                    0x0800c705   Thumb Code    22  daddsub_clz.o(x$fpl$drsb)
    _dsqrt                                   0x0800c71d   Thumb Code   456  dsqrt_noumaal.o(x$fpl$dsqrt)
    __aeabi_dsub                             0x0800c8e9   Thumb Code     0  daddsub_clz.o(x$fpl$dsub)
    _dsub                                    0x0800c8e9   Thumb Code   464  daddsub_clz.o(x$fpl$dsub)
    __aeabi_f2d                              0x0800cabd   Thumb Code     0  f2d.o(x$fpl$f2d)
    _f2d                                     0x0800cabd   Thumb Code    86  f2d.o(x$fpl$f2d)
    __aeabi_fadd                             0x0800cb15   Thumb Code     0  faddsub_clz.o(x$fpl$fadd)
    _fadd                                    0x0800cb15   Thumb Code   196  faddsub_clz.o(x$fpl$fadd)
    __aeabi_fdiv                             0x0800cbd9   Thumb Code     0  fdiv.o(x$fpl$fdiv)
    _fdiv                                    0x0800cbd9   Thumb Code   384  fdiv.o(x$fpl$fdiv)
    __aeabi_f2uiz                            0x0800cd5d   Thumb Code     0  ffixu.o(x$fpl$ffixu)
    _ffixu                                   0x0800cd5d   Thumb Code    62  ffixu.o(x$fpl$ffixu)
    __aeabi_i2f                              0x0800cd9d   Thumb Code     0  fflt_clz.o(x$fpl$fflt)
    _fflt                                    0x0800cd9d   Thumb Code    48  fflt_clz.o(x$fpl$fflt)
    __aeabi_ui2f                             0x0800cdcd   Thumb Code     0  fflt_clz.o(x$fpl$ffltu)
    _ffltu                                   0x0800cdcd   Thumb Code    38  fflt_clz.o(x$fpl$ffltu)
    __aeabi_fmul                             0x0800cdf5   Thumb Code     0  fmul.o(x$fpl$fmul)
    _fmul                                    0x0800cdf5   Thumb Code   258  fmul.o(x$fpl$fmul)
    __fpl_fnaninf                            0x0800cef7   Thumb Code   140  fnaninf.o(x$fpl$fnaninf)
    __fpl_fretinf                            0x0800cf83   Thumb Code    10  fretinf.o(x$fpl$fretinf)
    __aeabi_fsub                             0x0800cf8d   Thumb Code     0  faddsub_clz.o(x$fpl$fsub)
    _fsub                                    0x0800cf8d   Thumb Code   234  faddsub_clz.o(x$fpl$fsub)
    _printf_fp_dec                           0x0800d077   Thumb Code     4  printf1.o(x$fpl$printf1)
    __I$use$fp                               0x0800d07a   Number         0  usenofp.o(x$fpl$usenofp)
    tp                                       0x0800d07a   Data        7200  main.o(.constdata)
    tp1                                      0x0800ec9a   Data        7200  main.o(.constdata)
    wu                                       0x080108ba   Data          32  main.o(.constdata)
    ming                                     0x080108da   Data          32  main.o(.constdata)
    xian                                     0x080108fa   Data          32  main.o(.constdata)
    shi                                      0x0801091a   Data          32  main.o(.constdata)
    zhen                                     0x0801093a   Data          32  main.o(.constdata)
    ding                                     0x0801095a   Data          32  main.o(.constdata)
    bu                                       0x0801097a   Data          32  main.o(.constdata)
    di                                       0x0801099a   Data          32  main.o(.constdata)
    shuang                                   0x080109ba   Data          32  main.o(.constdata)
    xiang                                    0x080109da   Data          32  main.o(.constdata)
    jiao                                     0x080109fa   Data          32  main.o(.constdata)
    yue                                      0x08010a1a   Data          32  main.o(.constdata)
    k                                        0x08010a3a   Data          32  main.o(.constdata)
    asc2_1206                                0x08010a5a   Data        1140  lcd.o(.constdata)
    asc2_1608                                0x08010ece   Data        1520  lcd.o(.constdata)
    asc2_2412                                0x080114be   Data        3420  lcd.o(.constdata)
    Region$$Table$$Base                      0x080122d8   Number         0  anon$$obj.o(Region$$Table)
    Region$$Table$$Limit                     0x080122f8   Number         0  anon$$obj.o(Region$$Table)
    TableFFT                                 0x20000000   Data        4080  main.o(.data)
    thd                                      0x20000ff0   Data           4  main.o(.data)
    Mag_max                                  0x20000ff4   Data           4  main.o(.data)
    ADC_DataNum                              0x20000ff8   Data           2  main.o(.data)
    Fn_Num                                   0x20000ffa   Data           2  main.o(.data)
    ADC_flag                                 0x20000ffc   Data           2  main.o(.data)
    vpp                                      0x20001000   Data           4  main.o(.data)
    THD                                      0x20001008   Data           8  main.o(.data)
    mean_thd_1                               0x20001010   Data           8  main.o(.data)
    mean_thd_2                               0x20001018   Data           8  main.o(.data)
    mean_thd_3                               0x20001020   Data           8  main.o(.data)
    mean_thd_4                               0x20001028   Data           8  main.o(.data)
    mean_thd_5                               0x20001030   Data           8  main.o(.data)
    SystemCoreClock                          0x20001038   Data           4  system_stm32f10x.o(.data)
    AHBPrescTable                            0x2000103c   Data          16  system_stm32f10x.o(.data)
    auto_flag                                0x2000104c   Data           1  key.o(.data)
    auto_flag1                               0x2000104d   Data           1  key.o(.data)
    classify_flag                            0x2000104e   Data           1  key.o(.data)
    flag_zidongkz                            0x2000104f   Data           1  key.o(.data)
    cc                                       0x20001050   Data           1  key.o(.data)
    zt                                       0x20001051   Data           1  key.o(.data)
    POINT_COLOR                              0x20001062   Data           2  lcd.o(.data)
    BACK_COLOR                               0x20001064   Data           2  lcd.o(.data)
    __stdout                                 0x20001068   Data           4  usar.o(.data)
    ADC_input                                0x20001088   Data        2048  main.o(.bss)
    input                                    0x20001888   Data        4096  main.o(.bss)
    output                                   0x20002888   Data        4096  main.o(.bss)
    Mag                                      0x20003888   Data        8192  main.o(.bss)
    temp1                                    0x20005888   Data          20  main.o(.bss)
    thd_1                                    0x200058a0   Data          40  key.o(.bss)
    thd_2                                    0x200058c8   Data          40  key.o(.bss)
    thd_3                                    0x200058f0   Data          40  key.o(.bss)
    thd_4                                    0x20005918   Data          40  key.o(.bss)
    thd_5                                    0x20005940   Data          40  key.o(.bss)
    lcddev                                   0x20005968   Data          14  lcd.o(.bss)
    ADC_ConvertedValue                       0x20005976   Data        2048  adc.o(.bss)
    __libspace_start                         0x20006178   Data          96  libspace.o(.bss)
    __temporary_stack_top$libspace           0x200061d8   Data           0  libspace.o(.bss)



==============================================================================

Memory Map of the image

  Image Entry point : 0x08000131

  Load Region LR_IROM1 (Base: 0x08000000, Size: 0x00013398, Max: 0x00080000, ABSOLUTE, COMPRESSED[0x00012f3c])

    Execution Region ER_IROM1 (Base: 0x08000000, Size: 0x00012314, Max: 0x00080000, ABSOLUTE)

    Base Addr    Size         Type   Attr      Idx    E Section Name        Object

    0x08000000   0x00000130   Data   RO          399    RESET               startup_stm32f10x_hd.o
    0x08000130   0x00000008   Code   RO          742  * !!!main             c_w.l(__main.o)
    0x08000138   0x00000034   Code   RO         1112    !!!scatter          c_w.l(__scatter.o)
    0x0800016c   0x00000064   Code   RO         1110    !!dclz77c           c_w.l(__dclz77c.o)
    0x080001d0   0x0000001c   Code   RO         1114    !!handler_zi        c_w.l(__scatter_zi.o)
    0x080001ec   0x00000000   Code   RO          739    .ARM.Collect$$_printf_percent$$00000000  c_w.l(_printf_percent.o)
    0x080001ec   0x00000006   Code   RO          738    .ARM.Collect$$_printf_percent$$00000003  c_w.l(_printf_f.o)
    0x080001f2   0x00000006   Code   RO          737    .ARM.Collect$$_printf_percent$$0000000C  c_w.l(_printf_x.o)
    0x080001f8   0x00000004   Code   RO          851    .ARM.Collect$$_printf_percent$$00000017  c_w.l(_printf_percent_end.o)
    0x080001fc   0x00000002   Code   RO          983    .ARM.Collect$$libinit$$00000000  c_w.l(libinit.o)
    0x080001fe   0x00000000   Code   RO          985    .ARM.Collect$$libinit$$00000002  c_w.l(libinit2.o)
    0x080001fe   0x00000000   Code   RO          987    .ARM.Collect$$libinit$$00000004  c_w.l(libinit2.o)
    0x080001fe   0x00000000   Code   RO          990    .ARM.Collect$$libinit$$0000000A  c_w.l(libinit2.o)
    0x080001fe   0x00000000   Code   RO          992    .ARM.Collect$$libinit$$0000000C  c_w.l(libinit2.o)
    0x080001fe   0x00000000   Code   RO          994    .ARM.Collect$$libinit$$0000000E  c_w.l(libinit2.o)
    0x080001fe   0x00000006   Code   RO          995    .ARM.Collect$$libinit$$0000000F  c_w.l(libinit2.o)
    0x08000204   0x00000000   Code   RO          997    .ARM.Collect$$libinit$$00000011  c_w.l(libinit2.o)
    0x08000204   0x00000000   Code   RO          999    .ARM.Collect$$libinit$$00000013  c_w.l(libinit2.o)
    0x08000204   0x00000000   Code   RO         1001    .ARM.Collect$$libinit$$00000015  c_w.l(libinit2.o)
    0x08000204   0x0000000a   Code   RO         1002    .ARM.Collect$$libinit$$00000016  c_w.l(libinit2.o)
    0x0800020e   0x00000000   Code   RO         1003    .ARM.Collect$$libinit$$00000017  c_w.l(libinit2.o)
    0x0800020e   0x00000000   Code   RO         1005    .ARM.Collect$$libinit$$00000019  c_w.l(libinit2.o)
    0x0800020e   0x00000000   Code   RO         1007    .ARM.Collect$$libinit$$0000001B  c_w.l(libinit2.o)
    0x0800020e   0x00000000   Code   RO         1009    .ARM.Collect$$libinit$$0000001D  c_w.l(libinit2.o)
    0x0800020e   0x00000000   Code   RO         1011    .ARM.Collect$$libinit$$0000001F  c_w.l(libinit2.o)
    0x0800020e   0x00000000   Code   RO         1013    .ARM.Collect$$libinit$$00000021  c_w.l(libinit2.o)
    0x0800020e   0x00000000   Code   RO         1015    .ARM.Collect$$libinit$$00000023  c_w.l(libinit2.o)
    0x0800020e   0x00000000   Code   RO         1017    .ARM.Collect$$libinit$$00000025  c_w.l(libinit2.o)
    0x0800020e   0x00000000   Code   RO         1021    .ARM.Collect$$libinit$$0000002C  c_w.l(libinit2.o)
    0x0800020e   0x00000000   Code   RO         1023    .ARM.Collect$$libinit$$0000002E  c_w.l(libinit2.o)
    0x0800020e   0x00000000   Code   RO         1025    .ARM.Collect$$libinit$$00000030  c_w.l(libinit2.o)
    0x0800020e   0x00000000   Code   RO         1027    .ARM.Collect$$libinit$$00000032  c_w.l(libinit2.o)
    0x0800020e   0x00000002   Code   RO         1028    .ARM.Collect$$libinit$$00000033  c_w.l(libinit2.o)
    0x08000210   0x00000002   Code   RO         1060    .ARM.Collect$$libshutdown$$00000000  c_w.l(libshutdown.o)
    0x08000212   0x00000000   Code   RO         1069    .ARM.Collect$$libshutdown$$00000002  c_w.l(libshutdown2.o)
    0x08000212   0x00000000   Code   RO         1071    .ARM.Collect$$libshutdown$$00000004  c_w.l(libshutdown2.o)
    0x08000212   0x00000000   Code   RO         1074    .ARM.Collect$$libshutdown$$00000007  c_w.l(libshutdown2.o)
    0x08000212   0x00000000   Code   RO         1077    .ARM.Collect$$libshutdown$$0000000A  c_w.l(libshutdown2.o)
    0x08000212   0x00000000   Code   RO         1079    .ARM.Collect$$libshutdown$$0000000C  c_w.l(libshutdown2.o)
    0x08000212   0x00000000   Code   RO         1082    .ARM.Collect$$libshutdown$$0000000F  c_w.l(libshutdown2.o)
    0x08000212   0x00000002   Code   RO         1083    .ARM.Collect$$libshutdown$$00000010  c_w.l(libshutdown2.o)
    0x08000214   0x00000000   Code   RO          838    .ARM.Collect$$rtentry$$00000000  c_w.l(__rtentry.o)
    0x08000214   0x00000000   Code   RO          903    .ARM.Collect$$rtentry$$00000002  c_w.l(__rtentry2.o)
    0x08000214   0x00000006   Code   RO          915    .ARM.Collect$$rtentry$$00000004  c_w.l(__rtentry4.o)
    0x0800021a   0x00000000   Code   RO          905    .ARM.Collect$$rtentry$$00000009  c_w.l(__rtentry2.o)
    0x0800021a   0x00000004   Code   RO          906    .ARM.Collect$$rtentry$$0000000A  c_w.l(__rtentry2.o)
    0x0800021e   0x00000000   Code   RO          908    .ARM.Collect$$rtentry$$0000000C  c_w.l(__rtentry2.o)
    0x0800021e   0x00000008   Code   RO          909    .ARM.Collect$$rtentry$$0000000D  c_w.l(__rtentry2.o)
    0x08000226   0x00000002   Code   RO         1031    .ARM.Collect$$rtexit$$00000000  c_w.l(rtexit.o)
    0x08000228   0x00000000   Code   RO         1040    .ARM.Collect$$rtexit$$00000002  c_w.l(rtexit2.o)
    0x08000228   0x00000004   Code   RO         1041    .ARM.Collect$$rtexit$$00000003  c_w.l(rtexit2.o)
    0x0800022c   0x00000006   Code   RO         1042    .ARM.Collect$$rtexit$$00000004  c_w.l(rtexit2.o)
    0x08000232   0x00000002   PAD
    0x08000234   0x00001be0   Code   RO            1    .text               main.o
    0x08001e14   0x0000001a   Code   RO          163    .text               stm32f10x_it.o
    0x08001e2e   0x00000002   PAD
    0x08001e30   0x000001e0   Code   RO          178    .text               system_stm32f10x.o
    0x08002010   0x00000424   Code   RO          234    .text               key.o
    0x08002434   0x00004b68   Code   RO          258    .text               lcd.o
    0x08006f9c   0x00000160   Code   RO          288    .text               adc.o
    0x080070fc   0x00000150   Code   RO          303    .text               timer.o
    0x0800724c   0x000000ac   Code   RO          331    .text               usar.o
    0x080072f8   0x000011e0   Code   RO          350    .text               cr4_fft_1024_stm32.o
    0x080084d8   0x000000d4   Code   RO          357    .text               delay.o
    0x080085ac   0x00000040   Code   RO          400    .text               startup_stm32f10x_hd.o
    0x080085ec   0x000000dc   Code   RO          404    .text               misc.o
    0x080086c8   0x0000044e   Code   RO          416    .text               stm32f10x_adc.o
    0x08008b16   0x00000002   PAD
    0x08008b18   0x0000060c   Code   RO          428    .text               stm32f10x_fsmc.o
    0x08009124   0x0000035c   Code   RO          440    .text               stm32f10x_gpio.o
    0x08009480   0x000003a4   Code   RO          452    .text               stm32f10x_rcc.o
    0x08009824   0x00000408   Code   RO          466    .text               stm32f10x_usart.o
    0x08009c2c   0x00000e1a   Code   RO          478    .text               stm32f10x_tim.o
    0x0800aa46   0x00000002   PAD
    0x0800aa48   0x00000254   Code   RO          562    .text               stm32f10x_dma.o
    0x0800ac9c   0x00000002   Code   RO          684    .text               c_w.l(use_no_semi_2.o)
    0x0800ac9e   0x00000002   PAD
    0x0800aca0   0x00000018   Code   RO          690    .text               c_w.l(noretval__2printf.o)
    0x0800acb8   0x00000028   Code   RO          692    .text               c_w.l(noretval__2sprintf.o)
    0x0800ace0   0x00000058   Code   RO          699    .text               c_w.l(_printf_hex_int.o)
    0x0800ad38   0x00000160   Code   RO          732    .text               c_w.l(__printf_ss_wp.o)
    0x0800ae98   0x00000006   Code   RO          740    .text               c_w.l(heapauxi.o)
    0x0800ae9e   0x00000002   Code   RO          836    .text               c_w.l(use_no_semi.o)
    0x0800aea0   0x00000016   Code   RO          839    .text               c_w.l(_rserrno.o)
    0x0800aeb6   0x000000b2   Code   RO          841    .text               c_w.l(_printf_intcommon.o)
    0x0800af68   0x0000041a   Code   RO          843    .text               c_w.l(_printf_fp_dec.o)
    0x0800b382   0x00000002   PAD
    0x0800b384   0x00000030   Code   RO          845    .text               c_w.l(_printf_char_common.o)
    0x0800b3b4   0x0000000a   Code   RO          847    .text               c_w.l(_sputc.o)
    0x0800b3be   0x00000002   PAD
    0x0800b3c0   0x00000024   Code   RO          849    .text               c_w.l(_printf_char_file.o)
    0x0800b3e4   0x00000008   Code   RO          920    .text               c_w.l(rt_locale_intlibspace.o)
    0x0800b3ec   0x00000008   Code   RO          925    .text               c_w.l(rt_errno_addr_intlibspace.o)
    0x0800b3f4   0x0000008a   Code   RO          927    .text               c_w.l(lludiv10.o)
    0x0800b47e   0x00000002   PAD
    0x0800b480   0x00000080   Code   RO          929    .text               c_w.l(_printf_fp_infnan.o)
    0x0800b500   0x000000dc   Code   RO          933    .text               c_w.l(bigflt0.o)
    0x0800b5dc   0x00000008   Code   RO          958    .text               c_w.l(ferror.o)
    0x0800b5e4   0x00000008   Code   RO          969    .text               c_w.l(libspace.o)
    0x0800b5ec   0x0000004a   Code   RO          972    .text               c_w.l(sys_stackheap_outer.o)
    0x0800b636   0x00000012   Code   RO          974    .text               c_w.l(exit.o)
    0x0800b648   0x00000080   Code   RO          976    .text               c_w.l(strcmpv7m.o)
    0x0800b6c8   0x0000003e   Code   RO          936    CL$$btod_d2e        c_w.l(btod.o)
    0x0800b706   0x00000046   Code   RO          938    CL$$btod_d2e_denorm_low  c_w.l(btod.o)
    0x0800b74c   0x00000060   Code   RO          937    CL$$btod_d2e_norm_op1  c_w.l(btod.o)
    0x0800b7ac   0x00000338   Code   RO          946    CL$$btod_div_common  c_w.l(btod.o)
    0x0800bae4   0x000000c6   Code   RO          943    CL$$btod_e2e        c_w.l(btod.o)
    0x0800bbaa   0x00000028   Code   RO          940    CL$$btod_ediv       c_w.l(btod.o)
    0x0800bbd2   0x00000028   Code   RO          939    CL$$btod_emul       c_w.l(btod.o)
    0x0800bbfa   0x00000244   Code   RO          945    CL$$btod_mult_common  c_w.l(btod.o)
    0x0800be3e   0x00000028   Code   RO          886    i.__ARM_fpclassify  m_ws.l(fpclassify.o)
    0x0800be66   0x0000000e   Code   RO          727    i._is_digit         c_w.l(__printf_wp.o)
    0x0800be74   0x0000004c   Code   RO          829    i.sqrt              m_ws.l(sqrt.o)
    0x0800bec0   0x0000002c   Code   RO          963    locale$$code        c_w.l(lc_numeric_c.o)
    0x0800beec   0x00000062   Code   RO          744    x$fpl$d2f           fz_ws.l(d2f.o)
    0x0800bf4e   0x00000002   PAD
    0x0800bf50   0x00000150   Code   RO          746    x$fpl$dadd          fz_ws.l(daddsub_clz.o)
    0x0800c0a0   0x00000018   Code   RO          852    x$fpl$dcmpinf       fz_ws.l(dcmpi.o)
    0x0800c0b8   0x000002b0   Code   RO          753    x$fpl$ddiv          fz_ws.l(ddiv.o)
    0x0800c368   0x00000078   Code   RO          756    x$fpl$deqf          fz_ws.l(deqf.o)
    0x0800c3e0   0x0000005a   Code   RO          762    x$fpl$dfixu         fz_ws.l(dfixu.o)
    0x0800c43a   0x0000002e   Code   RO          767    x$fpl$dflt          fz_ws.l(dflt_clz.o)
    0x0800c468   0x00000026   Code   RO          766    x$fpl$dfltu         fz_ws.l(dflt_clz.o)
    0x0800c48e   0x00000002   PAD
    0x0800c490   0x00000078   Code   RO          772    x$fpl$dleqf         fz_ws.l(dleqf.o)
    0x0800c508   0x00000154   Code   RO          774    x$fpl$dmul          fz_ws.l(dmul.o)
    0x0800c65c   0x0000009c   Code   RO          854    x$fpl$dnaninf       fz_ws.l(dnaninf.o)
    0x0800c6f8   0x0000000c   Code   RO          856    x$fpl$dretinf       fz_ws.l(dretinf.o)
    0x0800c704   0x00000016   Code   RO          747    x$fpl$drsb          fz_ws.l(daddsub_clz.o)
    0x0800c71a   0x00000002   PAD
    0x0800c71c   0x000001cc   Code   RO          860    x$fpl$dsqrt         fz_ws.l(dsqrt_noumaal.o)
    0x0800c8e8   0x000001d4   Code   RO          748    x$fpl$dsub          fz_ws.l(daddsub_clz.o)
    0x0800cabc   0x00000056   Code   RO          776    x$fpl$f2d           fz_ws.l(f2d.o)
    0x0800cb12   0x00000002   PAD
    0x0800cb14   0x000000c4   Code   RO          778    x$fpl$fadd          fz_ws.l(faddsub_clz.o)
    0x0800cbd8   0x00000184   Code   RO          785    x$fpl$fdiv          fz_ws.l(fdiv.o)
    0x0800cd5c   0x0000003e   Code   RO          788    x$fpl$ffixu         fz_ws.l(ffixu.o)
    0x0800cd9a   0x00000002   PAD
    0x0800cd9c   0x00000030   Code   RO          793    x$fpl$fflt          fz_ws.l(fflt_clz.o)
    0x0800cdcc   0x00000026   Code   RO          792    x$fpl$ffltu         fz_ws.l(fflt_clz.o)
    0x0800cdf2   0x00000002   PAD
    0x0800cdf4   0x00000102   Code   RO          798    x$fpl$fmul          fz_ws.l(fmul.o)
    0x0800cef6   0x0000008c   Code   RO          862    x$fpl$fnaninf       fz_ws.l(fnaninf.o)
    0x0800cf82   0x0000000a   Code   RO          864    x$fpl$fretinf       fz_ws.l(fretinf.o)
    0x0800cf8c   0x000000ea   Code   RO          780    x$fpl$fsub          fz_ws.l(faddsub_clz.o)
    0x0800d076   0x00000004   Code   RO          800    x$fpl$printf1       fz_ws.l(printf1.o)
    0x0800d07a   0x00000000   Code   RO          868    x$fpl$usenofp       fz_ws.l(usenofp.o)
    0x0800d07a   0x000039e0   Data   RO            3    .constdata          main.o
    0x08010a5a   0x000017c0   Data   RO          260    .constdata          lcd.o
    0x0801221a   0x00000028   Data   RO          700    .constdata          c_w.l(_printf_hex_int.o)
    0x08012242   0x00000002   PAD
    0x08012244   0x00000094   Data   RO          934    .constdata          c_w.l(bigflt0.o)
    0x080122d8   0x00000020   Data   RO         1108    Region$$Table       anon$$obj.o
    0x080122f8   0x0000001c   Data   RO          962    locale$$data        c_w.l(lc_numeric_c.o)


    Execution Region RW_IRAM1 (Base: 0x20000000, Size: 0x000067d8, Max: 0x00010000, ABSOLUTE, COMPRESSED[0x00000c28])

    Base Addr    Size         Type   Attr      Idx    E Section Name        Object

    0x20000000   0x00001038   Data   RW            4    .data               main.o
    0x20001038   0x00000014   Data   RW          179    .data               system_stm32f10x.o
    0x2000104c   0x00000016   Data   RW          236    .data               key.o
    0x20001062   0x00000004   Data   RW          261    .data               lcd.o
    0x20001066   0x00000002   PAD
    0x20001068   0x00000004   Data   RW          332    .data               usar.o
    0x2000106c   0x00000004   Data   RW          358    .data               delay.o
    0x20001070   0x00000014   Data   RW          453    .data               stm32f10x_rcc.o
    0x20001084   0x00000004   PAD
    0x20001088   0x00004814   Zero   RW            2    .bss                main.o
    0x2000589c   0x00000004   PAD
    0x200058a0   0x000000c8   Zero   RW          235    .bss                key.o
    0x20005968   0x0000000e   Zero   RW          259    .bss                lcd.o
    0x20005976   0x00000800   Zero   RW          289    .bss                adc.o
    0x20006176   0x00000002   PAD
    0x20006178   0x00000060   Zero   RW          970    .bss                c_w.l(libspace.o)
    0x200061d8   0x00000200   Zero   RW          398    HEAP                startup_stm32f10x_hd.o
    0x200063d8   0x00000400   Zero   RW          397    STACK               startup_stm32f10x_hd.o


==============================================================================

Image component sizes


      Code (inc. data)   RO Data    RW Data    ZI Data      Debug   Object Name

       352         16          0          0       2048       1577   adc.o
      4576       4080          0          0          0        344   cr4_fft_1024_stm32.o
       212         18          0          4          0       1043   delay.o
      1060         94          0         22        200       2219   key.o
     19304        170       6080          4         14      23305   lcd.o
         0          0          0          0          0     213820   led.o
      7136        548      14816       4152      18452      74508   main.o
       220         22          0          0          0       1801   misc.o
        64         26        304          0       1536        796   startup_stm32f10x_hd.o
      1102         26          0          0          0      11041   stm32f10x_adc.o
       596          8          0          0          0       4366   stm32f10x_dma.o
      1548         18          0          0          0       5379   stm32f10x_fsmc.o
       860         38          0          0          0       5733   stm32f10x_gpio.o
        26          0          0          0          0       1182   stm32f10x_it.o
       932         36          0         20          0       8912   stm32f10x_rcc.o
      3610         88          0          0          0      22840   stm32f10x_tim.o
      1032         22          0          0          0       8460   stm32f10x_usart.o
       480         38          0         20          0       1743   system_stm32f10x.o
       336          6          0          0          0       1510   timer.o
       172         10          0          4          0       3049   usar.o

    ----------------------------------------------------------------------
     43624       5264      21232       4228      22260     393628   Object Totals
         0          0         32          0          0          0   (incl. Generated)
         6          0          0          2         10          0   (incl. Padding)

    ----------------------------------------------------------------------

      Code (inc. data)   RO Data    RW Data    ZI Data      Debug   Library Member Name

       100          0          0          0          0          0   __dclz77c.o
         8          0          0          0          0         68   __main.o
       352          0          0          0          0         88   __printf_ss_wp.o
        14          0          0          0          0         68   __printf_wp.o
         0          0          0          0          0          0   __rtentry.o
        12          0          0          0          0          0   __rtentry2.o
         6          0          0          0          0          0   __rtentry4.o
        52          8          0          0          0          0   __scatter.o
        28          0          0          0          0          0   __scatter_zi.o
        48          6          0          0          0         96   _printf_char_common.o
        36          4          0          0          0         80   _printf_char_file.o
         6          0          0          0          0          0   _printf_f.o
      1050          0          0          0          0        216   _printf_fp_dec.o
       128         16          0          0          0         84   _printf_fp_infnan.o
        88          4         40          0          0         88   _printf_hex_int.o
       178          0          0          0          0         88   _printf_intcommon.o
         0          0          0          0          0          0   _printf_percent.o
         4          0          0          0          0          0   _printf_percent_end.o
         6          0          0          0          0          0   _printf_x.o
        22          0          0          0          0        100   _rserrno.o
        10          0          0          0          0         68   _sputc.o
       220          4        148          0          0         96   bigflt0.o
      1910        128          0          0          0        672   btod.o
        18          0          0          0          0         80   exit.o
         8          0          0          0          0         68   ferror.o
         6          0          0          0          0        152   heapauxi.o
        44         10         28          0          0         76   lc_numeric_c.o
         2          0          0          0          0          0   libinit.o
        18          0          0          0          0          0   libinit2.o
         2          0          0          0          0          0   libshutdown.o
         2          0          0          0          0          0   libshutdown2.o
         8          4          0          0         96         68   libspace.o
       138          0          0          0          0         80   lludiv10.o
        24          4          0          0          0         84   noretval__2printf.o
        40          6          0          0          0         84   noretval__2sprintf.o
         8          4          0          0          0         68   rt_errno_addr_intlibspace.o
         8          4          0          0          0         68   rt_locale_intlibspace.o
         2          0          0          0          0          0   rtexit.o
        10          0          0          0          0          0   rtexit2.o
       128          0          0          0          0         68   strcmpv7m.o
        74          0          0          0          0         80   sys_stackheap_outer.o
         2          0          0          0          0         68   use_no_semi.o
         2          0          0          0          0         68   use_no_semi_2.o
        98          4          0          0          0         92   d2f.o
       826         16          0          0          0        348   daddsub_clz.o
        24          0          0          0          0         68   dcmpi.o
       688        140          0          0          0        208   ddiv.o
       120          4          0          0          0         92   deqf.o
        90          4          0          0          0         92   dfixu.o
        84          0          0          0          0        136   dflt_clz.o
       120          4          0          0          0         92   dleqf.o
       340         12          0          0          0        104   dmul.o
       156          4          0          0          0         92   dnaninf.o
        12          0          0          0          0         68   dretinf.o
       460         56          0          0          0        120   dsqrt_noumaal.o
        86          4          0          0          0         84   f2d.o
       430          8          0          0          0        168   faddsub_clz.o
       388         76          0          0          0         96   fdiv.o
        62          4          0          0          0         84   ffixu.o
        86          0          0          0          0        136   fflt_clz.o
       258          4          0          0          0         84   fmul.o
       140          4          0          0          0         84   fnaninf.o
        10          0          0          0          0         68   fretinf.o
         4          0          0          0          0         68   printf1.o
         0          0          0          0          0          0   usenofp.o
        40          0          0          0          0         68   fpclassify.o
        76          0          0          0          0         84   sqrt.o

    ----------------------------------------------------------------------
      9442        546        218          0         96       5460   Library Totals
        22          0          2          0          0          0   (incl. Padding)

    ----------------------------------------------------------------------

      Code (inc. data)   RO Data    RW Data    ZI Data      Debug   Library Name

      4822        202        216          0         96       2924   c_w.l
      4482        344          0          0          0       2384   fz_ws.l
       116          0          0          0          0        152   m_ws.l

    ----------------------------------------------------------------------
      9442        546        218          0         96       5460   Library Totals

    ----------------------------------------------------------------------

==============================================================================


      Code (inc. data)   RO Data    RW Data    ZI Data      Debug   

     53066       5810      21450       4228      22356     394352   Grand Totals
     53066       5810      21450       3112      22356     394352   ELF Image Totals (compressed)
     53066       5810      21450       3112          0          0   ROM Totals

==============================================================================

    Total RO  Size (Code + RO Data)                74516 (  72.77kB)
    Total RW  Size (RW Data + ZI Data)             26584 (  25.96kB)
    Total ROM Size (Code + RO Data + RW Data)      77628 (  75.81kB)

==============================================================================

