<html>
<body>
<pre>
<h1>礦ision Build Log</h1>
<h2>Tool Versions:</h2>
IDE-Version: μVision V5.21.1.0
Copyright (C) 2016 ARM Ltd and ARM Germany GmbH. All rights reserved.
License Information: 1 Administrator, 1, LIC=KIVFW-Q235U-EZ9WX-H9SK9-BKKDN-33BA8
 
Tool Versions:
Toolchain:       MDK-ARM Professional  Version: 5.21a
Toolchain Path:  I:\Keil_v5\ARM\ARMCC\Bin
C Compiler:      Armcc.exe V5.06 update 3 (build 300)
Assembler:       Armasm.exe V5.06 update 3 (build 300)
Linker/Locator:  ArmLink.exe V5.06 update 3 (build 300)
Library Manager: ArmAr.exe V5.06 update 3 (build 300)
Hex Converter:   FromElf.exe V5.06 update 3 (build 300)
CPU DLL:         SARMCM3.DLL V5.21a
Dialog DLL:      DARMSTM.DLL V1.66.0.1
Target DLL:      Segger\JL2CM3.dll V2.99.23.0
Dialog DLL:      TARMSTM.DLL V1.65.0.0
 
<h2>Project:</h2>
G:\2020EE\2020省赛\fft分度值10（频谱图+波形图+THD）\USER\ADC.uvprojx
Project File Date:  10/10/2020

<h2>Output:</h2>
*** Using Compiler 'V5.06 update 3 (build 300)', folder: 'I:\Keil_v5\ARM\ARMCC\Bin'
Build target 'ADC'
compiling fft.c...
..\HARDWARE\fft.h(21): warning:  #1-D: last line of file ends without a newline
  #endif
..\HARDWARE\fft.c(118): warning:  #1-D: last line of file ends without a newline
  }
..\HARDWARE\fft.c: 2 warnings, 0 errors
compiling adc.c...
compiling led.c...
compiling usar.c...
compiling stm32f10x_it.c...
compiling system_stm32f10x.c...
compiling delay.c...
compiling timer.c...
assembling startup_stm32f10x_hd.s...
compiling key.c...
compiling misc.c...
compiling lcd.c...
compiling main.c...
..\HARDWARE\fft.h(21): warning:  #1-D: last line of file ends without a newline
  #endif
main.c(79): warning:  #550-D: variable "P" was set but never used
  	  float  X,Y,P;
main.c(113): warning:  #167-D: argument of type "unsigned char *" is incompatible with parameter of type "char *restrict"
  	sprintf((unsigned char *)temp1,"Uo1:%5lfV",Uo1);
main.c(115): warning:  #167-D: argument of type "unsigned char *" is incompatible with parameter of type "char *restrict"
  	sprintf((unsigned char *)temp1,"Uo2:%5lfV",Uo2);
main.c(117): warning:  #167-D: argument of type "unsigned char *" is incompatible with parameter of type "char *restrict"
  	sprintf((unsigned char *)temp1,"Uo3:%5lfV",Uo3);
main.c(119): warning:  #167-D: argument of type "unsigned char *" is incompatible with parameter of type "char *restrict"
  	sprintf((unsigned char *)temp1,"Uo4:%5lfV",Uo4);
main.c(121): warning:  #167-D: argument of type "unsigned char *" is incompatible with parameter of type "char *restrict"
  	sprintf((unsigned char *)temp1,"Uo5:%5lfV",Uo5);
main.c(123): warning:  #167-D: argument of type "unsigned char *" is incompatible with parameter of type "char *restrict"
  	sprintf((unsigned char *)temp1,"THD:%5lf%%",THD);
main.c(173): warning:  #223-D: function "USART_Configuration" declared implicitly
  	USART_Configuration();//串??1??始化
main.c(170): warning:  #177-D: variable "t" was declared but never referenced
  	int i,t;
main.c: 10 warnings, 0 errors
compiling stm32f10x_crc.c...
compiling sys.c...
compiling stm32f10x_can.c...
compiling core_cm3.c...
compiling stm32f10x_usart.c...
compiling stm32f10x_rcc.c...
compiling stm32f10x_gpio.c...
compiling stm32f10x_bkp.c...
compiling stm32f10x_adc.c...
compiling stm32f10x_fsmc.c...
compiling stm32f10x_tim.c...
compiling stm32f10x_dac.c...
compiling stm32f10x_dma.c...
compiling stm32f10x_cec.c...
compiling stm32f10x_exti.c...
compiling stm32f10x_dbgmcu.c...
compiling stm32f10x_flash.c...
compiling stm32f10x_i2c.c...
compiling stm32f10x_iwdg.c...
compiling stm32f10x_rtc.c...
compiling stm32f10x_pwr.c...
compiling stm32f10x_sdio.c...
compiling stm32f10x_wwdg.c...
compiling stm32f10x_spi.c...
linking...
Program Size: Code=48350 RO-data=7218 RW-data=108 ZI-data=18052  
FromELF: creating hex file...
"..\OBJ\ADC.axf" - 0 Error(s), 12 Warning(s).

<h2>Collection of Component include folders:</h2>
  G:\2020EE\2020省赛\fft分度值10（频谱图+波形图+THD）\USER\RTE
  I:\Keil_v5\ARM\PACK\Keil\STM32F1xx_DFP\1.1.0\Device\Include

<h2>Collection of Component Files used:</h2>
Build Time Elapsed:  00:00:06
</pre>
</body>
</html>
